Component: ARM Compiler 5.06 update 2 (build 183) Tool: armlink [4d35b7]

==============================================================================

Section Cross References

    main.o(i.main) refers to _scanf_int.o(.text) for _scanf_int
    main.o(i.main) refers to misc.o(i.NVIC_PriorityGroupConfig) for NVIC_PriorityGroupConfig
    main.o(i.main) refers to drv_systick.o(i.SYSTICK_Config) for SYSTICK_Config
    main.o(i.main) refers to drv_uart.o(i.UART1_Config) for UART1_Config
    main.o(i.main) refers to drv_uart.o(i.UART2_Config) for UART2_Config
    main.o(i.main) refers to drv_fan.o(i.FAN_Init) for FAN_Init
    main.o(i.main) refers to drv_window.o(i.WINDOW_Init) for WINDOW_Init
    main.o(i.main) refers to drv_adc.o(i.ADC_Config) for ADC_Config
    main.o(i.main) refers to drv_systick.o(i.SYSTICK_DelayMs) for SYSTICK_DelayMs
    main.o(i.main) refers to __0sscanf.o(.text) for __0sscanf
    main.o(i.main) refers to printfa.o(i.__0printf) for __2printf
    main.o(i.main) refers to drv_led.o(i.led_on) for led_on
    main.o(i.main) refers to drv_led.o(i.led_off) for led_off
    main.o(i.main) refers to drv_fan.o(i.FAN_Control) for FAN_Control
    main.o(i.main) refers to drv_window.o(i.WINDOW_Open) for WINDOW_Open
    main.o(i.main) refers to drv_dht11.o(i.Read_DHT11) for Read_DHT11
    main.o(i.main) refers to dfltui.o(.text) for __aeabi_ui2d
    main.o(i.main) refers to ddiv.o(.text) for __aeabi_ddiv
    main.o(i.main) refers to ffltui.o(.text) for __aeabi_ui2f
    main.o(i.main) refers to f2d.o(.text) for __aeabi_f2d
    main.o(i.main) refers to dadd.o(.text) for __aeabi_dadd
    main.o(i.main) refers to d2f.o(.text) for __aeabi_d2f
    main.o(i.main) refers to drv_adc.o(i.ADC_GetsmokeVal) for ADC_GetsmokeVal
    main.o(i.main) refers to drv_adc.o(i.ADC_GetcoVal) for ADC_GetcoVal
    main.o(i.main) refers to printfa.o(i.__0sprintf) for __2sprintf
    main.o(i.main) refers to drv_uart.o(i.usart2_print) for usart2_print
    main.o(i.main) refers to drv_uart.o(.bss) for USART2_RX_BUF
    main.o(i.main) refers to main.o(.data) for dht11_data
    main.o(i.main) refers to main.o(.conststring) for .conststring
    stm32f10x_it.o(i.EXTI0_IRQHandler) refers to stm32f10x_exti.o(i.EXTI_GetITStatus) for EXTI_GetITStatus
    stm32f10x_it.o(i.EXTI0_IRQHandler) refers to printfa.o(i.__0printf) for __2printf
    stm32f10x_it.o(i.EXTI0_IRQHandler) refers to gizwits_protocol.o(i.gizwitsSetMode) for gizwitsSetMode
    stm32f10x_it.o(i.EXTI0_IRQHandler) refers to stm32f10x_exti.o(i.EXTI_ClearITPendingBit) for EXTI_ClearITPendingBit
    drv_adc.o(i.ADC_Config) refers to stm32f10x_rcc.o(i.RCC_APB2PeriphClockCmd) for RCC_APB2PeriphClockCmd
    drv_adc.o(i.ADC_Config) refers to stm32f10x_rcc.o(i.RCC_AHBPeriphClockCmd) for RCC_AHBPeriphClockCmd
    drv_adc.o(i.ADC_Config) refers to stm32f10x_rcc.o(i.RCC_ADCCLKConfig) for RCC_ADCCLKConfig
    drv_adc.o(i.ADC_Config) refers to stm32f10x_gpio.o(i.GPIO_Init) for GPIO_Init
    drv_adc.o(i.ADC_Config) refers to stm32f10x_adc.o(i.ADC_Init) for ADC_Init
    drv_adc.o(i.ADC_Config) refers to stm32f10x_adc.o(i.ADC_RegularChannelConfig) for ADC_RegularChannelConfig
    drv_adc.o(i.ADC_Config) refers to stm32f10x_adc.o(i.ADC_Cmd) for ADC_Cmd
    drv_adc.o(i.ADC_Config) refers to stm32f10x_adc.o(i.ADC_ResetCalibration) for ADC_ResetCalibration
    drv_adc.o(i.ADC_Config) refers to stm32f10x_adc.o(i.ADC_GetResetCalibrationStatus) for ADC_GetResetCalibrationStatus
    drv_adc.o(i.ADC_Config) refers to stm32f10x_adc.o(i.ADC_StartCalibration) for ADC_StartCalibration
    drv_adc.o(i.ADC_Config) refers to stm32f10x_adc.o(i.ADC_GetCalibrationStatus) for ADC_GetCalibrationStatus
    drv_adc.o(i.ADC_Config) refers to stm32f10x_adc.o(i.ADC_DMACmd) for ADC_DMACmd
    drv_adc.o(i.ADC_Config) refers to stm32f10x_dma.o(i.DMA_Init) for DMA_Init
    drv_adc.o(i.ADC_Config) refers to stm32f10x_dma.o(i.DMA_Cmd) for DMA_Cmd
    drv_adc.o(i.ADC_Config) refers to stm32f10x_adc.o(i.ADC_SoftwareStartConvCmd) for ADC_SoftwareStartConvCmd
    drv_adc.o(i.ADC_Config) refers to drv_adc.o(.bss) for adcConverVal
    drv_adc.o(i.ADC_GetAdkeyVal) refers to drv_adc.o(i.adcGetChVal) for adcGetChVal
    drv_adc.o(i.ADC_GetRgVal) refers to drv_adc.o(i.adcGetChVal) for adcGetChVal
    drv_adc.o(i.ADC_GetcoVal) refers to drv_adc.o(i.adcGetChVal) for adcGetChVal
    drv_adc.o(i.ADC_GetsmokeVal) refers to drv_adc.o(i.adcGetChVal) for adcGetChVal
    drv_adc.o(i.adcGetChVal) refers to drv_adc.o(.bss) for adcConverVal
    drv_adc.o(i.whichadkeypressed) refers to drv_adc.o(i.ADC_GetAdkeyVal) for ADC_GetAdkeyVal
    drv_adc.o(i.whichadkeypressed) refers to dfltui.o(.text) for __aeabi_ui2d
    drv_adc.o(i.whichadkeypressed) refers to cdcmple.o(.text) for __aeabi_cdcmple
    drv_adc.o(i.whichadkeypressed) refers to cdrcmple.o(.text) for __aeabi_cdrcmple
    drv_at24cxx.o(i.AT24CXX_ByteWrite) refers to drv_iic.o(i.IIC_start) for IIC_start
[...]
    Removing stm32f10x_sdio.o(i.SDIO_DeInit), (36 bytes).
    Removing stm32f10x_sdio.o(i.SDIO_GetCommandResponse), (12 bytes).
    Removing stm32f10x_sdio.o(i.SDIO_GetDataCounter), (12 bytes).
    Removing stm32f10x_sdio.o(i.SDIO_GetFIFOCount), (12 bytes).
    Removing stm32f10x_sdio.o(i.SDIO_GetFlagStatus), (24 bytes).
    Removing stm32f10x_sdio.o(i.SDIO_GetITStatus), (24 bytes).
    Removing stm32f10x_sdio.o(i.SDIO_GetPowerState), (16 bytes).
    Removing stm32f10x_sdio.o(i.SDIO_GetResponse), (24 bytes).
    Removing stm32f10x_sdio.o(i.SDIO_ITConfig), (32 bytes).
    Removing stm32f10x_sdio.o(i.SDIO_Init), (48 bytes).
    Removing stm32f10x_sdio.o(i.SDIO_ReadData), (12 bytes).
    Removing stm32f10x_sdio.o(i.SDIO_SendCEATACmd), (12 bytes).
    Removing stm32f10x_sdio.o(i.SDIO_SendCommand), (44 bytes).
    Removing stm32f10x_sdio.o(i.SDIO_SendSDIOSuspendCmd), (12 bytes).
    Removing stm32f10x_sdio.o(i.SDIO_SetPowerState), (28 bytes).
    Removing stm32f10x_sdio.o(i.SDIO_SetSDIOOperation), (12 bytes).
    Removing stm32f10x_sdio.o(i.SDIO_SetSDIOReadWaitMode), (12 bytes).
    Removing stm32f10x_sdio.o(i.SDIO_StartSDIOReadWait), (12 bytes).
    Removing stm32f10x_sdio.o(i.SDIO_StopSDIOReadWait), (12 bytes).
    Removing stm32f10x_sdio.o(i.SDIO_StructInit), (16 bytes).
    Removing stm32f10x_sdio.o(i.SDIO_WriteData), (12 bytes).
    Removing stm32f10x_spi.o(i.I2S_Cmd), (24 bytes).
    Removing stm32f10x_spi.o(i.I2S_Init), (232 bytes).
    Removing stm32f10x_spi.o(i.I2S_StructInit), (20 bytes).
    Removing stm32f10x_spi.o(i.SPI_BiDirectionalLineConfig), (28 bytes).
    Removing stm32f10x_spi.o(i.SPI_CalculateCRC), (24 bytes).
    Removing stm32f10x_spi.o(i.SPI_Cmd), (24 bytes).
    Removing stm32f10x_spi.o(i.SPI_DataSizeConfig), (18 bytes).
    Removing stm32f10x_spi.o(i.SPI_GetCRC), (16 bytes).
    Removing stm32f10x_spi.o(i.SPI_GetCRCPolynomial), (6 bytes).
    Removing stm32f10x_spi.o(i.SPI_I2S_ClearFlag), (6 bytes).
    Removing stm32f10x_spi.o(i.SPI_I2S_ClearITPendingBit), (20 bytes).
    Removing stm32f10x_spi.o(i.SPI_I2S_DMACmd), (18 bytes).
    Removing stm32f10x_spi.o(i.SPI_I2S_DeInit), (88 bytes).
    Removing stm32f10x_spi.o(i.SPI_I2S_GetFlagStatus), (18 bytes).
    Removing stm32f10x_spi.o(i.SPI_I2S_GetITStatus), (52 bytes).
    Removing stm32f10x_spi.o(i.SPI_I2S_ITConfig), (32 bytes).
    Removing stm32f10x_spi.o(i.SPI_I2S_ReceiveData), (6 bytes).
    Removing stm32f10x_spi.o(i.SPI_I2S_SendData), (4 bytes).
    Removing stm32f10x_spi.o(i.SPI_Init), (60 bytes).
    Removing stm32f10x_spi.o(i.SPI_NSSInternalSoftwareConfig), (30 bytes).
    Removing stm32f10x_spi.o(i.SPI_SSOutputCmd), (24 bytes).
    Removing stm32f10x_spi.o(i.SPI_StructInit), (24 bytes).
    Removing stm32f10x_spi.o(i.SPI_TransmitCRC), (10 bytes).
    Removing stm32f10x_tim.o(i.TI1_Config), (128 bytes).
    Removing stm32f10x_tim.o(i.TI2_Config), (152 bytes).
    Removing stm32f10x_tim.o(i.TI3_Config), (144 bytes).
    Removing stm32f10x_tim.o(i.TI4_Config), (152 bytes).
    Removing stm32f10x_tim.o(i.TIM_ARRPreloadConfig), (24 bytes).
    Removing stm32f10x_tim.o(i.TIM_BDTRConfig), (32 bytes).
    Removing stm32f10x_tim.o(i.TIM_BDTRStructInit), (18 bytes).
    Removing stm32f10x_tim.o(i.TIM_CCPreloadControl), (24 bytes).
    Removing stm32f10x_tim.o(i.TIM_CCxCmd), (30 bytes).
    Removing stm32f10x_tim.o(i.TIM_CCxNCmd), (30 bytes).
    Removing stm32f10x_tim.o(i.TIM_ClearFlag), (6 bytes).
    Removing stm32f10x_tim.o(i.TIM_ClearOC1Ref), (18 bytes).
    Removing stm32f10x_tim.o(i.TIM_ClearOC2Ref), (24 bytes).
    Removing stm32f10x_tim.o(i.TIM_ClearOC3Ref), (18 bytes).
    Removing stm32f10x_tim.o(i.TIM_ClearOC4Ref), (24 bytes).
    Removing stm32f10x_tim.o(i.TIM_CounterModeConfig), (18 bytes).
    Removing stm32f10x_tim.o(i.TIM_CtrlPWMOutputs), (30 bytes).
    Removing stm32f10x_tim.o(i.TIM_DMACmd), (18 bytes).
    Removing stm32f10x_tim.o(i.TIM_DMAConfig), (10 bytes).
    Removing stm32f10x_tim.o(i.TIM_DeInit), (488 bytes).
    Removing stm32f10x_tim.o(i.TIM_ETRClockMode1Config), (54 bytes).
    Removing stm32f10x_tim.o(i.TIM_ETRClockMode2Config), (32 bytes).
    Removing stm32f10x_tim.o(i.TIM_ETRConfig), (28 bytes).
    Removing stm32f10x_tim.o(i.TIM_EncoderInterfaceConfig), (66 bytes).
    Removing stm32f10x_tim.o(i.TIM_ForcedOC1Config), (18 bytes).
    Removing stm32f10x_tim.o(i.TIM_ForcedOC2Config), (26 bytes).
    Removing stm32f10x_tim.o(i.TIM_ForcedOC3Config), (18 bytes).
    Removing stm32f10x_tim.o(i.TIM_ForcedOC4Config), (26 bytes).
    Removing stm32f10x_tim.o(i.TIM_GenerateEvent), (4 bytes).
    Removing stm32f10x_tim.o(i.TIM_GetCapture1), (6 bytes).
    Removing stm32f10x_tim.o(i.TIM_GetCapture2), (6 bytes).
    Removing stm32f10x_tim.o(i.TIM_GetCapture3), (6 bytes).
    Removing stm32f10x_tim.o(i.TIM_GetCapture4), (8 bytes).
    Removing stm32f10x_tim.o(i.TIM_GetCounter), (6 bytes).
    Removing stm32f10x_tim.o(i.TIM_GetFlagStatus), (18 bytes).
    Removing stm32f10x_tim.o(i.TIM_GetPrescaler), (6 bytes).
    Removing stm32f10x_tim.o(i.TIM_ICInit), (172 bytes).
    Removing stm32f10x_tim.o(i.TIM_ICStructInit), (18 bytes).
    Removing stm32f10x_tim.o(i.TIM_ITRxExternalClockConfig), (24 bytes).
    Removing stm32f10x_tim.o(i.TIM_InternalClockConfig), (12 bytes).
    Removing stm32f10x_tim.o(i.TIM_OC1FastConfig), (18 bytes).
    Removing stm32f10x_tim.o(i.TIM_OC1Init), (152 bytes).
    Removing stm32f10x_tim.o(i.TIM_OC1NPolarityConfig), (18 bytes).
    Removing stm32f10x_tim.o(i.TIM_OC1PolarityConfig), (18 bytes).
    Removing stm32f10x_tim.o(i.TIM_OC1PreloadConfig), (18 bytes).
    Removing stm32f10x_tim.o(i.TIM_OC2FastConfig), (26 bytes).
    Removing stm32f10x_tim.o(i.TIM_OC2Init), (164 bytes).
    Removing stm32f10x_tim.o(i.TIM_OC2NPolarityConfig), (26 bytes).
    Removing stm32f10x_tim.o(i.TIM_OC2PolarityConfig), (26 bytes).
    Removing stm32f10x_tim.o(i.TIM_OC2PreloadConfig), (26 bytes).
    Removing stm32f10x_tim.o(i.TIM_OC3FastConfig), (18 bytes).
    Removing stm32f10x_tim.o(i.TIM_OC3Init), (160 bytes).
    Removing stm32f10x_tim.o(i.TIM_OC3NPolarityConfig), (26 bytes).
    Removing stm32f10x_tim.o(i.TIM_OC3PolarityConfig), (26 bytes).
    Removing stm32f10x_tim.o(i.TIM_OC3PreloadConfig), (18 bytes).
    Removing stm32f10x_tim.o(i.TIM_OC4FastConfig), (26 bytes).
    Removing stm32f10x_tim.o(i.TIM_OC4Init), (124 bytes).
    Removing stm32f10x_tim.o(i.TIM_OC4PolarityConfig), (26 bytes).
    Removing stm32f10x_tim.o(i.TIM_OC4PreloadConfig), (26 bytes).
    Removing stm32f10x_tim.o(i.TIM_OCStructInit), (20 bytes).
    Removing stm32f10x_tim.o(i.TIM_PWMIConfig), (124 bytes).
    Removing stm32f10x_tim.o(i.TIM_PrescalerConfig), (6 bytes).
    Removing stm32f10x_tim.o(i.TIM_SelectCCDMA), (24 bytes).
    Removing stm32f10x_tim.o(i.TIM_SelectCOM), (24 bytes).
    Removing stm32f10x_tim.o(i.TIM_SelectHallSensor), (24 bytes).
    Removing stm32f10x_tim.o(i.TIM_SelectInputTrigger), (18 bytes).
    Removing stm32f10x_tim.o(i.TIM_SelectMasterSlaveMode), (18 bytes).
    Removing stm32f10x_tim.o(i.TIM_SelectOCxM), (82 bytes).
    Removing stm32f10x_tim.o(i.TIM_SelectOnePulseMode), (18 bytes).
    Removing stm32f10x_tim.o(i.TIM_SelectOutputTrigger), (18 bytes).
    Removing stm32f10x_tim.o(i.TIM_SelectSlaveMode), (18 bytes).
    Removing stm32f10x_tim.o(i.TIM_SetAutoreload), (4 bytes).
    Removing stm32f10x_tim.o(i.TIM_SetClockDivision), (18 bytes).
    Removing stm32f10x_tim.o(i.TIM_SetCompare1), (4 bytes).
    Removing stm32f10x_tim.o(i.TIM_SetCompare2), (4 bytes).
    Removing stm32f10x_tim.o(i.TIM_SetCompare3), (4 bytes).
    Removing stm32f10x_tim.o(i.TIM_SetCompare4), (6 bytes).
    Removing stm32f10x_tim.o(i.TIM_SetIC1Prescaler), (18 bytes).
    Removing stm32f10x_tim.o(i.TIM_SetIC2Prescaler), (26 bytes).
    Removing stm32f10x_tim.o(i.TIM_SetIC3Prescaler), (18 bytes).
    Removing stm32f10x_tim.o(i.TIM_SetIC4Prescaler), (26 bytes).
    Removing stm32f10x_tim.o(i.TIM_TIxExternalClockConfig), (62 bytes).
    Removing stm32f10x_tim.o(i.TIM_TimeBaseStructInit), (18 bytes).
    Removing stm32f10x_tim.o(i.TIM_UpdateDisableConfig), (24 bytes).
    Removing stm32f10x_tim.o(i.TIM_UpdateRequestConfig), (24 bytes).
    Removing stm32f10x_usart.o(i.USART_ClockInit), (34 bytes).
    Removing stm32f10x_usart.o(i.USART_ClockStructInit), (12 bytes).
    Removing stm32f10x_usart.o(i.USART_DMACmd), (18 bytes).
    Removing stm32f10x_usart.o(i.USART_DeInit), (156 bytes).
    Removing stm32f10x_usart.o(i.USART_HalfDuplexCmd), (24 bytes).
    Removing stm32f10x_usart.o(i.USART_IrDACmd), (24 bytes).
    Removing stm32f10x_usart.o(i.USART_IrDAConfig), (18 bytes).
    Removing stm32f10x_usart.o(i.USART_LINBreakDetectLengthConfig), (18 bytes).
    Removing stm32f10x_usart.o(i.USART_LINCmd), (24 bytes).
    Removing stm32f10x_usart.o(i.USART_OneBitMethodCmd), (24 bytes).
    Removing stm32f10x_usart.o(i.USART_OverSampling8Cmd), (22 bytes).
    Removing stm32f10x_usart.o(i.USART_ReceiverWakeUpCmd), (24 bytes).
    Removing stm32f10x_usart.o(i.USART_SendBreak), (10 bytes).
    Removing stm32f10x_usart.o(i.USART_SetAddress), (18 bytes).
    Removing stm32f10x_usart.o(i.USART_SetGuardTime), (16 bytes).
    Removing stm32f10x_usart.o(i.USART_SetPrescaler), (16 bytes).
    Removing stm32f10x_usart.o(i.USART_SmartCardCmd), (24 bytes).
    Removing stm32f10x_usart.o(i.USART_SmartCardNACKCmd), (24 bytes).
    Removing stm32f10x_usart.o(i.USART_StructInit), (24 bytes).
    Removing stm32f10x_usart.o(i.USART_WakeUpConfig), (18 bytes).
    Removing stm32f10x_wwdg.o(i.WWDG_ClearFlag), (12 bytes).
    Removing stm32f10x_wwdg.o(i.WWDG_DeInit), (22 bytes).
    Removing stm32f10x_wwdg.o(i.WWDG_Enable), (16 bytes).
    Removing stm32f10x_wwdg.o(i.WWDG_EnableIT), (12 bytes).
    Removing stm32f10x_wwdg.o(i.WWDG_GetFlagStatus), (12 bytes).
    Removing stm32f10x_wwdg.o(i.WWDG_SetCounter), (16 bytes).
    Removing stm32f10x_wwdg.o(i.WWDG_SetPrescaler), (24 bytes).
    Removing stm32f10x_wwdg.o(i.WWDG_SetWindowValue), (40 bytes).
    Removing startup_stm32f10x_hd.o(HEAP), (512 bytes).
    Removing gizwits_product.o(i.gizTimerMs), (16 bytes).
    Removing gizwits_product.o(i.gizwitsEventProcess), (656 bytes).
    Removing gizwits_product.o(i.mcuRestart), (48 bytes).
    Removing gizwits_product.o(i.userHandle), (96 bytes).
    Removing gizwits_product.o(i.userInit), (16 bytes).
    Removing gizwits_product.o(.bss), (17 bytes).
    Removing gizwits_protocol.o(i.gizCheckReport), (496 bytes).
    Removing gizwits_protocol.o(i.gizDataPoint2Event), (316 bytes).
    Removing gizwits_protocol.o(i.gizDataPoints2ReportData), (244 bytes).
    Removing gizwits_protocol.o(i.gizDevReportPolicy), (188 bytes).
    Removing gizwits_protocol.o(i.gizProtocolAckHandle), (140 bytes).
    Removing gizwits_protocol.o(i.gizProtocolCommonAck), (160 bytes).
    Removing gizwits_protocol.o(i.gizProtocolErrorCmd), (164 bytes).
    Removing gizwits_protocol.o(i.gizProtocolGetDeviceInfo), (380 bytes).
    Removing gizwits_protocol.o(i.gizProtocolGetOnePacket), (424 bytes).
    Removing gizwits_protocol.o(i.gizProtocolIssuedDataAck), (320 bytes).
    Removing gizwits_protocol.o(i.gizProtocolIssuedProcess), (280 bytes).
    Removing gizwits_protocol.o(i.gizProtocolModuleInfoHandle), (92 bytes).
    Removing gizwits_protocol.o(i.gizProtocolModuleStatus), (1284 bytes).
    Removing gizwits_protocol.o(i.gizProtocolNTP), (136 bytes).
    Removing gizwits_protocol.o(i.gizProtocolReboot), (28 bytes).
    Removing gizwits_protocol.o(i.gizProtocolResendData), (124 bytes).
    Removing gizwits_protocol.o(i.gizProtocolWaitAckCheck), (72 bytes).
    Removing gizwits_protocol.o(i.gizPutData), (116 bytes).
    Removing gizwits_protocol.o(i.gizReportData), (212 bytes).
    Removing gizwits_protocol.o(i.gizwitsGetModuleInfo), (136 bytes).
    Removing gizwits_protocol.o(i.gizwitsGetNTP), (132 bytes).
    Removing gizwits_protocol.o(i.gizwitsHandle), (792 bytes).
    Removing gizwits_protocol.o(i.gizwitsInit), (100 bytes).
    Removing gizwits_protocol.o(i.gizwitsPassthroughData), (240 bytes).
    Removing gizwits_protocol.o(.data), (16 bytes).
    Removing common.o(i.char2hex), (106 bytes).
    Removing common.o(i.checkStringIsNotZero), (46 bytes).
    Removing common.o(i.exchangeWord), (26 bytes).
    Removing common.o(i.get_yeardays), (24 bytes).
    Removing common.o(i.hex2Str), (82 bytes).
    Removing common.o(i.isleap), (52 bytes).
    Removing common.o(i.returnNtp2Wt), (284 bytes).
    Removing common.o(i.returnWeekDay), (156 bytes).
    Removing common.o(i.str2Hex), (80 bytes).
    Removing common.o(.constdata), (48 bytes).
    Removing datapointtools.o(i.gizAcrossByteJudge), (42 bytes).
    Removing datapointtools.o(i.gizByteOrderExchange), (50 bytes).
    Removing datapointtools.o(i.gizStandardCompressValue), (128 bytes).
    Removing datapointtools.o(i.gizStandardDecompressionValue), (194 bytes).
    Removing datapointtools.o(i.gizVarlenCompressValue), (124 bytes).
    Removing datapointtools.o(i.gizVarlenDecompressionValue), (196 bytes).
    Removing datapointtools.o(i.gizX2Y), (12 bytes).
    Removing datapointtools.o(i.gizX2YFloat), (42 bytes).
    Removing datapointtools.o(i.gizY2X), (14 bytes).
    Removing datapointtools.o(i.gizY2XFloat), (42 bytes).
    Removing ringbuffer.o(i.rbCanRead), (56 bytes).
    Removing ringbuffer.o(i.rbCanWrite), (30 bytes).
    Removing ringbuffer.o(i.rbCapacity), (14 bytes).
    Removing ringbuffer.o(i.rbCreate), (22 bytes).
    Removing ringbuffer.o(i.rbDelete), (24 bytes).
    Removing ringbuffer.o(i.rbRead), (162 bytes).
    Removing ringbuffer.o(i.rbWrite), (154 bytes).
    Removing fadd.o(.text), (176 bytes).
    Removing fmul.o(.text), (100 bytes).
    Removing fdiv.o(.text), (124 bytes).
    Removing dflti.o(.text), (34 bytes).
    Removing ffixui.o(.text), (40 bytes).
    Removing cdcmple.o(.text), (48 bytes).
    Removing cfcmple.o(.text), (20 bytes).

553 unused section(s) (total 35348 bytes) removed from the image.

==============================================================================

Image Symbol Table

    Local Symbols

    Symbol Name                              Value     Ov Type        Size  Object(Section)

    ../clib/microlib/ctype/ctype.c           0x00000000   Number         0  ctype_c.o ABSOLUTE
    ../clib/microlib/ctype/ctype.c           0x00000000   Number         0  isspace_c.o ABSOLUTE
    ../clib/microlib/ctype/toupper.c         0x00000000   Number         0  toupper.o ABSOLUTE
    ../clib/microlib/division.c              0x00000000   Number         0  uldiv.o ABSOLUTE
    ../clib/microlib/division.c              0x00000000   Number         0  uidiv.o ABSOLUTE
    ../clib/microlib/init/entry.s            0x00000000   Number         0  entry8b.o ABSOLUTE
    ../clib/microlib/init/entry.s            0x00000000   Number         0  entry9b.o ABSOLUTE
    ../clib/microlib/init/entry.s            0x00000000   Number         0  entry7a.o ABSOLUTE
    ../clib/microlib/init/entry.s            0x00000000   Number         0  entry7b.o ABSOLUTE
    ../clib/microlib/init/entry.s            0x00000000   Number         0  entry8a.o ABSOLUTE
    ../clib/microlib/init/entry.s            0x00000000   Number         0  entry.o ABSOLUTE
    ../clib/microlib/init/entry.s            0x00000000   Number         0  entry2.o ABSOLUTE
    ../clib/microlib/init/entry.s            0x00000000   Number         0  entry11b.o ABSOLUTE
    ../clib/microlib/init/entry.s            0x00000000   Number         0  entry5.o ABSOLUTE
    ../clib/microlib/init/entry.s            0x00000000   Number         0  entry11a.o ABSOLUTE
    ../clib/microlib/init/entry.s            0x00000000   Number         0  entry10b.o ABSOLUTE
    ../clib/microlib/init/entry.s            0x00000000   Number         0  entry10a.o ABSOLUTE
    ../clib/microlib/init/entry.s            0x00000000   Number         0  entry9a.o ABSOLUTE
    ../clib/microlib/longlong.c              0x00000000   Number         0  llshl.o ABSOLUTE
    ../clib/microlib/longlong.c              0x00000000   Number         0  llsshr.o ABSOLUTE
    ../clib/microlib/longlong.c              0x00000000   Number         0  llushr.o ABSOLUTE
    ../clib/microlib/printf/printf.c         0x00000000   Number         0  printf4.o ABSOLUTE
    ../clib/microlib/printf/printf.c         0x00000000   Number         0  printf7.o ABSOLUTE
    ../clib/microlib/printf/printf.c         0x00000000   Number         0  printf8.o ABSOLUTE
    ../clib/microlib/printf/printf.c         0x00000000   Number         0  printfb.o ABSOLUTE
    ../clib/microlib/printf/printf.c         0x00000000   Number         0  printf0.o ABSOLUTE
    ../clib/microlib/printf/printf.c         0x00000000   Number         0  printf3.o ABSOLUTE
    ../clib/microlib/printf/printf.c         0x00000000   Number         0  printf2.o ABSOLUTE
    ../clib/microlib/printf/printf.c         0x00000000   Number         0  printf1.o ABSOLUTE
    ../clib/microlib/printf/printf.c         0x00000000   Number         0  printf6.o ABSOLUTE
    ../clib/microlib/printf/printf.c         0x00000000   Number         0  printf5.o ABSOLUTE
    ../clib/microlib/printf/printf.c         0x00000000   Number         0  printfa.o ABSOLUTE
    ../clib/microlib/printf/stubs.s          0x00000000   Number         0  stubs.o ABSOLUTE
    ../clib/microlib/stdio/streams.c         0x00000000   Number         0  stdout.o ABSOLUTE
    ../clib/microlib/string/memcpy.c         0x00000000   Number         0  memcpyb.o ABSOLUTE
    ../clib/microlib/string/memcpy.c         0x00000000   Number         0  memcpya.o ABSOLUTE
    ../clib/microlib/string/memset.c         0x00000000   Number         0  memseta.o ABSOLUTE
    ../clib/microlib/string/strlen.c         0x00000000   Number         0  strlen.o ABSOLUTE
    ../clib/microlib/stubs.s                 0x00000000   Number         0  iusefp.o ABSOLUTE
    ../clib/scanf.c                          0x00000000   Number         0  _sgetc.o ABSOLUTE
    ../clib/scanf.c                          0x00000000   Number         0  _chval.o ABSOLUTE
    ../clib/scanf.c                          0x00000000   Number         0  _scanf_int.o ABSOLUTE
    ../clib/scanf.c                          0x00000000   Number         0  _scanf.o ABSOLUTE
    ../clib/scanf.c                          0x00000000   Number         0  __0sscanf.o ABSOLUTE
    ../clib/scanf.c                          0x00000000   Number         0  scanf_char.o ABSOLUTE
    ../fplib/microlib/d2f.c                  0x00000000   Number         0  d2f.o ABSOLUTE
    ../fplib/microlib/f2d.c                  0x00000000   Number         0  f2d.o ABSOLUTE
    ../fplib/microlib/fpadd.c                0x00000000   Number         0  dadd.o ABSOLUTE
    ../fplib/microlib/fpadd.c                0x00000000   Number         0  fadd.o ABSOLUTE
    ../fplib/microlib/fpdiv.c                0x00000000   Number         0  ddiv.o ABSOLUTE
    ../fplib/microlib/fpdiv.c                0x00000000   Number         0  fdiv.o ABSOLUTE
    ../fplib/microlib/fpepilogue.c           0x00000000   Number         0  depilogue.o ABSOLUTE
    ../fplib/microlib/fpepilogue.c           0x00000000   Number         0  fepilogue.o ABSOLUTE
    ../fplib/microlib/fpfix.c                0x00000000   Number         0  ffixui.o ABSOLUTE
    ../fplib/microlib/fpfix.c                0x00000000   Number         0  dfixul.o ABSOLUTE
    ../fplib/microlib/fpflt.c                0x00000000   Number         0  dflti.o ABSOLUTE
    ../fplib/microlib/fpflt.c                0x00000000   Number         0  ffltui.o ABSOLUTE
    ../fplib/microlib/fpflt.c                0x00000000   Number         0  dfltui.o ABSOLUTE
    ../fplib/microlib/fpmul.c                0x00000000   Number         0  fmul.o ABSOLUTE
    ../fplib/microlib/fpmul.c                0x00000000   Number         0  dmul.o ABSOLUTE
    ..\apps\main.c                           0x00000000   Number         0  main.o ABSOLUTE
    ..\apps\stm32f10x_it.c                   0x00000000   Number         0  stm32f10x_it.o ABSOLUTE
    ..\drivers\src\drv_K1.c                  0x00000000   Number         0  drv_k1.o ABSOLUTE
    ..\drivers\src\drv_adc.c                 0x00000000   Number         0  drv_adc.o ABSOLUTE
    ..\drivers\src\drv_at24cxx.c             0x00000000   Number         0  drv_at24cxx.o ABSOLUTE
    ..\drivers\src\drv_dht11.c               0x00000000   Number         0  drv_dht11.o ABSOLUTE
    ..\drivers\src\drv_dma.c                 0x00000000   Number         0  drv_dma.o ABSOLUTE
    ..\drivers\src\drv_fan.c                 0x00000000   Number         0  drv_fan.o ABSOLUTE
    ..\drivers\src\drv_iic.c                 0x00000000   Number         0  drv_iic.o ABSOLUTE
    ..\drivers\src\drv_led.c                 0x00000000   Number         0  drv_led.o ABSOLUTE
    ..\drivers\src\drv_ledsbeep.c            0x00000000   Number         0  drv_ledsbeep.o ABSOLUTE
    ..\drivers\src\drv_mq2.c                 0x00000000   Number         0  drv_mq2.o ABSOLUTE
    ..\drivers\src\drv_myfputs.c             0x00000000   Number         0  drv_myfputs.o ABSOLUTE
    ..\drivers\src\drv_oled.c                0x00000000   Number         0  drv_oled.o ABSOLUTE
    ..\drivers\src\drv_pwm.c                 0x00000000   Number         0  drv_pwm.o ABSOLUTE
    ..\drivers\src\drv_systick.c             0x00000000   Number         0  drv_systick.o ABSOLUTE
    ..\drivers\src\drv_test_adx.c            0x00000000   Number         0  drv_test_adx.o ABSOLUTE
    ..\drivers\src\drv_tim.c                 0x00000000   Number         0  drv_tim.o ABSOLUTE
    ..\drivers\src\drv_uart.c                0x00000000   Number         0  drv_uart.o ABSOLUTE
    ..\drivers\src\drv_water.c               0x00000000   Number         0  drv_water.o ABSOLUTE
    ..\drivers\src\drv_window.c              0x00000000   Number         0  drv_window.o ABSOLUTE
    ..\libraries\CMSIS\CM3\DeviceSupport\ST\STM32F10x\startup\arm\startup_stm32f10x_hd.s 0x00000000   Number         0  startup_stm32f10x_hd.o ABSOLUTE
    ..\libraries\CMSIS\CM3\DeviceSupport\ST\STM32F10x\system_stm32f10x.c 0x00000000   Number         0  system_stm32f10x.o ABSOLUTE
    ..\libraries\STM32F10x_StdPeriph_Driver\src\misc.c 0x00000000   Number         0  misc.o ABSOLUTE
    ..\libraries\STM32F10x_StdPeriph_Driver\src\stm32f10x_adc.c 0x00000000   Number         0  stm32f10x_adc.o ABSOLUTE
    ..\libraries\STM32F10x_StdPeriph_Driver\src\stm32f10x_bkp.c 0x00000000   Number         0  stm32f10x_bkp.o ABSOLUTE
    ..\libraries\STM32F10x_StdPeriph_Driver\src\stm32f10x_can.c 0x00000000   Number         0  stm32f10x_can.o ABSOLUTE
    ..\libraries\STM32F10x_StdPeriph_Driver\src\stm32f10x_cec.c 0x00000000   Number         0  stm32f10x_cec.o ABSOLUTE
    ..\libraries\STM32F10x_StdPeriph_Driver\src\stm32f10x_crc.c 0x00000000   Number         0  stm32f10x_crc.o ABSOLUTE
    ..\libraries\STM32F10x_StdPeriph_Driver\src\stm32f10x_dac.c 0x00000000   Number         0  stm32f10x_dac.o ABSOLUTE
    ..\libraries\STM32F10x_StdPeriph_Driver\src\stm32f10x_dbgmcu.c 0x00000000   Number         0  stm32f10x_dbgmcu.o ABSOLUTE
    ..\libraries\STM32F10x_StdPeriph_Driver\src\stm32f10x_dma.c 0x00000000   Number         0  stm32f10x_dma.o ABSOLUTE
    ..\libraries\STM32F10x_StdPeriph_Driver\src\stm32f10x_exti.c 0x00000000   Number         0  stm32f10x_exti.o ABSOLUTE
    ..\libraries\STM32F10x_StdPeriph_Driver\src\stm32f10x_flash.c 0x00000000   Number         0  stm32f10x_flash.o ABSOLUTE
    ..\libraries\STM32F10x_StdPeriph_Driver\src\stm32f10x_fsmc.c 0x00000000   Number         0  stm32f10x_fsmc.o ABSOLUTE
    ..\libraries\STM32F10x_StdPeriph_Driver\src\stm32f10x_gpio.c 0x00000000   Number         0  stm32f10x_gpio.o ABSOLUTE
    ..\libraries\STM32F10x_StdPeriph_Driver\src\stm32f10x_i2c.c 0x00000000   Number         0  stm32f10x_i2c.o ABSOLUTE
    ..\libraries\STM32F10x_StdPeriph_Driver\src\stm32f10x_iwdg.c 0x00000000   Number         0  stm32f10x_iwdg.o ABSOLUTE
    ..\libraries\STM32F10x_StdPeriph_Driver\src\stm32f10x_pwr.c 0x00000000   Number         0  stm32f10x_pwr.o ABSOLUTE
    ..\libraries\STM32F10x_StdPeriph_Driver\src\stm32f10x_rcc.c 0x00000000   Number         0  stm32f10x_rcc.o ABSOLUTE
    ..\libraries\STM32F10x_StdPeriph_Driver\src\stm32f10x_rtc.c 0x00000000   Number         0  stm32f10x_rtc.o ABSOLUTE
    ..\libraries\STM32F10x_StdPeriph_Driver\src\stm32f10x_sdio.c 0x00000000   Number         0  stm32f10x_sdio.o ABSOLUTE
    ..\libraries\STM32F10x_StdPeriph_Driver\src\stm32f10x_spi.c 0x00000000   Number         0  stm32f10x_spi.o ABSOLUTE
    ..\libraries\STM32F10x_StdPeriph_Driver\src\stm32f10x_tim.c 0x00000000   Number         0  stm32f10x_tim.o ABSOLUTE
    ..\libraries\STM32F10x_StdPeriph_Driver\src\stm32f10x_usart.c 0x00000000   Number         0  stm32f10x_usart.o ABSOLUTE
    ..\libraries\STM32F10x_StdPeriph_Driver\src\stm32f10x_wwdg.c 0x00000000   Number         0  stm32f10x_wwdg.o ABSOLUTE
    ..\thridsoft\Gizwits\gizwits_product.c   0x00000000   Number         0  gizwits_product.o ABSOLUTE
    ..\thridsoft\Gizwits\gizwits_protocol.c  0x00000000   Number         0  gizwits_protocol.o ABSOLUTE
    ..\thridsoft\Utils\common.c              0x00000000   Number         0  common.o ABSOLUTE
    ..\thridsoft\Utils\dataPointTools.c      0x00000000   Number         0  datapointtools.o ABSOLUTE
    ..\thridsoft\Utils\ringbuffer.c          0x00000000   Number         0  ringbuffer.o ABSOLUTE
    cdcmple.s                                0x00000000   Number         0  cdcmple.o ABSOLUTE
    cdrcmple.s                               0x00000000   Number         0  cdrcmple.o ABSOLUTE
    cfcmple.s                                0x00000000   Number         0  cfcmple.o ABSOLUTE
    dc.s                                     0x00000000   Number         0  dc.o ABSOLUTE
    handlers.s                               0x00000000   Number         0  handlers.o ABSOLUTE
    init.s                                   0x00000000   Number         0  init.o ABSOLUTE
    RESET                                    0x08000000   Section      304  startup_stm32f10x_hd.o(RESET)
    .ARM.Collect$$$$00000000                 0x08000130   Section        0  entry.o(.ARM.Collect$$$$00000000)
    .ARM.Collect$$$$00000001                 0x08000130   Section        4  entry2.o(.ARM.Collect$$$$00000001)
    .ARM.Collect$$$$00000004                 0x08000134   Section        4  entry5.o(.ARM.Collect$$$$00000004)
    .ARM.Collect$$$$00000008                 0x08000138   Section        0  entry7b.o(.ARM.Collect$$$$00000008)
    .ARM.Collect$$$$0000000A                 0x08000138   Section        0  entry8b.o(.ARM.Collect$$$$0000000A)
    .ARM.Collect$$$$0000000B                 0x08000138   Section        8  entry9a.o(.ARM.Collect$$$$0000000B)
    .ARM.Collect$$$$0000000D                 0x08000140   Section        0  entry10a.o(.ARM.Collect$$$$0000000D)
    .ARM.Collect$$$$0000000F                 0x08000140   Section        0  entry11a.o(.ARM.Collect$$$$0000000F)
    .ARM.Collect$$$$00002712                 0x08000140   Section        4  entry2.o(.ARM.Collect$$$$00002712)
    __lit__00000000                          0x08000140   Data           4  entry2.o(.ARM.Collect$$$$00002712)
    .text                                    0x08000144   Section       36  startup_stm32f10x_hd.o(.text)
    .text                                    0x08000168   Section        0  memcpya.o(.text)
    .text                                    0x0800018c   Section        0  memseta.o(.text)
    .text                                    0x080001b0   Section        0  __0sscanf.o(.text)
    .text                                    0x080001e8   Section        0  _scanf_int.o(.text)
    .text                                    0x08000334   Section        0  dadd.o(.text)
    .text                                    0x08000482   Section        0  ddiv.o(.text)
    .text                                    0x08000560   Section        0  ffltui.o(.text)
    .text                                    0x0800056a   Section        0  dfltui.o(.text)
    .text                                    0x08000584   Section        0  f2d.o(.text)
    .text                                    0x080005ac   Section       48  cdrcmple.o(.text)
    .text                                    0x080005dc   Section        0  d2f.o(.text)
    .text                                    0x08000614   Section        0  uidiv.o(.text)
    .text                                    0x08000640   Section        0  uldiv.o(.text)
    .text                                    0x080006a2   Section        0  llshl.o(.text)
    .text                                    0x080006c0   Section        0  llsshr.o(.text)
    .text                                    0x080006e4   Section        0  _chval.o(.text)
    .text                                    0x08000700   Section        0  scanf_char.o(.text)
    _scanf_char_input                        0x08000701   Thumb Code    12  scanf_char.o(.text)
    .text                                    0x08000728   Section        0  _sgetc.o(.text)
    .text                                    0x08000768   Section        0  fepilogue.o(.text)
    .text                                    0x08000768   Section        0  iusefp.o(.text)
    .text                                    0x080007d6   Section        0  depilogue.o(.text)
    .text                                    0x08000890   Section        0  dmul.o(.text)
    .text                                    0x08000974   Section        0  dfixul.o(.text)
    .text                                    0x080009a4   Section       36  init.o(.text)
    .text                                    0x080009c8   Section        0  llushr.o(.text)
    .text                                    0x080009e8   Section        0  isspace_c.o(.text)
    .text                                    0x080009f4   Section        0  _scanf.o(.text)
    .text                                    0x08000d20   Section        0  ctype_c.o(.text)
    i.ADC_Cmd                                0x08000d48   Section        0  stm32f10x_adc.o(i.ADC_Cmd)
    i.ADC_Config                             0x08000d60   Section        0  drv_adc.o(i.ADC_Config)
    i.ADC_DMACmd                             0x08000ea0   Section        0  stm32f10x_adc.o(i.ADC_DMACmd)
    i.ADC_GetCalibrationStatus               0x08000eb6   Section        0  stm32f10x_adc.o(i.ADC_GetCalibrationStatus)
    i.ADC_GetResetCalibrationStatus          0x08000eca   Section        0  stm32f10x_adc.o(i.ADC_GetResetCalibrationStatus)
    i.ADC_GetcoVal                           0x08000ede   Section        0  drv_adc.o(i.ADC_GetcoVal)
    i.ADC_GetsmokeVal                        0x08000ee8   Section        0  drv_adc.o(i.ADC_GetsmokeVal)
    i.ADC_Init                               0x08000ef4   Section        0  stm32f10x_adc.o(i.ADC_Init)
    i.ADC_RegularChannelConfig               0x08000f44   Section        0  stm32f10x_adc.o(i.ADC_RegularChannelConfig)
    i.ADC_ResetCalibration                   0x08000ffc   Section        0  stm32f10x_adc.o(i.ADC_ResetCalibration)
    i.ADC_SoftwareStartConvCmd               0x08001006   Section        0  stm32f10x_adc.o(i.ADC_SoftwareStartConvCmd)
    i.ADC_StartCalibration                   0x0800101c   Section        0  stm32f10x_adc.o(i.ADC_StartCalibration)
    i.BusFault_Handler                       0x08001026   Section        0  stm32f10x_it.o(i.BusFault_Handler)
    i.DHT11_Mode_IPU                         0x0800102c   Section        0  drv_dht11.o(i.DHT11_Mode_IPU)
    DHT11_Mode_IPU                           0x0800102d   Thumb Code    26  drv_dht11.o(i.DHT11_Mode_IPU)
    i.DHT11_Mode_Out_PP                      0x0800104c   Section        0  drv_dht11.o(i.DHT11_Mode_Out_PP)
    DHT11_Mode_Out_PP                        0x0800104d   Thumb Code    32  drv_dht11.o(i.DHT11_Mode_Out_PP)
    i.DMA_Cmd                                0x08001070   Section        0  stm32f10x_dma.o(i.DMA_Cmd)
    i.DMA_Init                               0x08001088   Section        0  stm32f10x_dma.o(i.DMA_Init)
    i.DebugMon_Handler                       0x080010c4   Section        0  stm32f10x_it.o(i.DebugMon_Handler)
    i.EXTI0_IRQHandler                       0x080010c8   Section        0  stm32f10x_it.o(i.EXTI0_IRQHandler)
    i.EXTI_ClearITPendingBit                 0x080010f8   Section        0  stm32f10x_exti.o(i.EXTI_ClearITPendingBit)
    i.EXTI_GetITStatus                       0x08001104   Section        0  stm32f10x_exti.o(i.EXTI_GetITStatus)
    i.FAN_Control                            0x0800112c   Section        0  drv_fan.o(i.FAN_Control)
    i.FAN_Init                               0x0800114c   Section        0  drv_fan.o(i.FAN_Init)
    i.GPIO_Init                              0x08001180   Section        0  stm32f10x_gpio.o(i.GPIO_Init)
    i.GPIO_ReadInputDataBit                  0x08001296   Section        0  stm32f10x_gpio.o(i.GPIO_ReadInputDataBit)
    i.GPIO_ResetBits                         0x080012a8   Section        0  stm32f10x_gpio.o(i.GPIO_ResetBits)
    i.GPIO_SetBits                           0x080012ac   Section        0  stm32f10x_gpio.o(i.GPIO_SetBits)
    i.HardFault_Handler                      0x080012b0   Section        0  stm32f10x_it.o(i.HardFault_Handler)
    i.Leds_BeepCfg                           0x080012b4   Section        0  drv_ledsbeep.o(i.Leds_BeepCfg)
    i.MemManage_Handler                      0x08001300   Section        0  stm32f10x_it.o(i.MemManage_Handler)
    i.NMI_Handler                            0x08001304   Section        0  stm32f10x_it.o(i.NMI_Handler)
    i.NVIC_Init                              0x08001308   Section        0  misc.o(i.NVIC_Init)
    i.NVIC_PriorityGroupConfig               0x08001378   Section        0  misc.o(i.NVIC_PriorityGroupConfig)
    i.PIN_Cfg                                0x0800138c   Section        0  drv_window.o(i.PIN_Cfg)
    i.PendSV_Handler                         0x080013f8   Section        0  stm32f10x_it.o(i.PendSV_Handler)
    i.RCC_ADCCLKConfig                       0x080013fc   Section        0  stm32f10x_rcc.o(i.RCC_ADCCLKConfig)
    i.RCC_AHBPeriphClockCmd                  0x08001414   Section        0  stm32f10x_rcc.o(i.RCC_AHBPeriphClockCmd)
    i.RCC_APB1PeriphClockCmd                 0x08001434   Section        0  stm32f10x_rcc.o(i.RCC_APB1PeriphClockCmd)
    i.RCC_APB2PeriphClockCmd                 0x08001454   Section        0  stm32f10x_rcc.o(i.RCC_APB2PeriphClockCmd)
    i.RCC_GetClocksFreq                      0x08001474   Section        0  stm32f10x_rcc.o(i.RCC_GetClocksFreq)
    i.Read_Byte                              0x08001548   Section        0  drv_dht11.o(i.Read_Byte)
    Read_Byte                                0x08001549   Thumb Code    96  drv_dht11.o(i.Read_Byte)
    i.Read_DHT11                             0x080015ac   Section        0  drv_dht11.o(i.Read_DHT11)
    i.SVC_Handler                            0x08001658   Section        0  stm32f10x_it.o(i.SVC_Handler)
    i.SYSTICK_Config                         0x0800165c   Section        0  drv_systick.o(i.SYSTICK_Config)
    i.SYSTICK_DelayMs                        0x0800169c   Section        0  drv_systick.o(i.SYSTICK_DelayMs)
    i.SYSTICK_DelayUs                        0x08001728   Section        0  drv_systick.o(i.SYSTICK_DelayUs)
    i.SetSysClock                            0x08001770   Section        0  system_stm32f10x.o(i.SetSysClock)
    SetSysClock                              0x08001771   Thumb Code     8  system_stm32f10x.o(i.SetSysClock)
    i.SetSysClockTo72                        0x08001778   Section        0  system_stm32f10x.o(i.SetSysClockTo72)
    SetSysClockTo72                          0x08001779   Thumb Code   214  system_stm32f10x.o(i.SetSysClockTo72)
    i.SysTick_Handler                        0x08001858   Section        0  stm32f10x_it.o(i.SysTick_Handler)
    i.SystemInit                             0x0800185c   Section        0  system_stm32f10x.o(i.SystemInit)
    i.TIM2_IRQHandler                        0x080018bc   Section        0  drv_tim.o(i.TIM2_IRQHandler)
    i.TIM6_IRQHandler                        0x08001900   Section        0  drv_tim.o(i.TIM6_IRQHandler)
    i.TIM7_IRQHandler                        0x08001950   Section        0  drv_window.o(i.TIM7_IRQHandler)
    i.TIM7_Int_Init                          0x080019d4   Section        0  drv_uart.o(i.TIM7_Int_Init)
    i.TIM_ClearITPendingBit                  0x08001a34   Section        0  stm32f10x_tim.o(i.TIM_ClearITPendingBit)
    i.TIM_Cmd                                0x08001a3a   Section        0  stm32f10x_tim.o(i.TIM_Cmd)
    i.TIM_GetITStatus                        0x08001a52   Section        0  stm32f10x_tim.o(i.TIM_GetITStatus)
    i.TIM_ITConfig                           0x08001a74   Section        0  stm32f10x_tim.o(i.TIM_ITConfig)
    i.TIM_SetCounter                         0x08001a86   Section        0  stm32f10x_tim.o(i.TIM_SetCounter)
    i.TIM_TimeBaseInit                       0x08001a8c   Section        0  stm32f10x_tim.o(i.TIM_TimeBaseInit)
    i.UART1_Config                           0x08001b30   Section        0  drv_uart.o(i.UART1_Config)
    i.UART2_Config                           0x08001be0   Section        0  drv_uart.o(i.UART2_Config)
    i.USART1_IRQHandler                      0x08001cac   Section        0  drv_uart.o(i.USART1_IRQHandler)
    i.USART2_IRQHandler                      0x08001ce0   Section        0  drv_uart.o(i.USART2_IRQHandler)
    i.USART_ClearFlag                        0x08001d50   Section        0  stm32f10x_usart.o(i.USART_ClearFlag)
    i.USART_ClearITPendingBit                0x08001d62   Section        0  stm32f10x_usart.o(i.USART_ClearITPendingBit)
    i.USART_Cmd                              0x08001d80   Section        0  stm32f10x_usart.o(i.USART_Cmd)
    i.USART_GetFlagStatus                    0x08001d98   Section        0  stm32f10x_usart.o(i.USART_GetFlagStatus)
    i.USART_GetITStatus                      0x08001db2   Section        0  stm32f10x_usart.o(i.USART_GetITStatus)
    i.USART_ITConfig                         0x08001e06   Section        0  stm32f10x_usart.o(i.USART_ITConfig)
    i.USART_Init                             0x08001e50   Section        0  stm32f10x_usart.o(i.USART_Init)
    i.USART_ReceiveData                      0x08001f28   Section        0  stm32f10x_usart.o(i.USART_ReceiveData)
    i.USART_SendData                         0x08001f32   Section        0  stm32f10x_usart.o(i.USART_SendData)
    i.UsageFault_Handler                     0x08001f3a   Section        0  stm32f10x_it.o(i.UsageFault_Handler)
    i.WINDOW_Init                            0x08001f40   Section        0  drv_window.o(i.WINDOW_Init)
    i.WINDOW_Open                            0x08001ff4   Section        0  drv_window.o(i.WINDOW_Open)
    i.WINDOW_PinControl                      0x08002010   Section        0  drv_window.o(i.WINDOW_PinControl)
    i.__0printf                              0x080020a0   Section        0  printfa.o(i.__0printf)
    i.__0sprintf                             0x080020c0   Section        0  printfa.o(i.__0sprintf)
    i.__scatterload_copy                     0x080020e8   Section       14  handlers.o(i.__scatterload_copy)
    i.__scatterload_null                     0x080020f6   Section        2  handlers.o(i.__scatterload_null)
    i.__scatterload_zeroinit                 0x080020f8   Section       14  handlers.o(i.__scatterload_zeroinit)
    i._fp_digits                             0x08002108   Section        0  printfa.o(i._fp_digits)
    _fp_digits                               0x08002109   Thumb Code   334  printfa.o(i._fp_digits)
    i._printf_core                           0x0800226c   Section        0  printfa.o(i._printf_core)
    _printf_core                             0x0800226d   Thumb Code  1744  printfa.o(i._printf_core)
    i._printf_post_padding                   0x08002948   Section        0  printfa.o(i._printf_post_padding)
    _printf_post_padding                     0x08002949   Thumb Code    36  printfa.o(i._printf_post_padding)
    i._printf_pre_padding                    0x0800296c   Section        0  printfa.o(i._printf_pre_padding)
    _printf_pre_padding                      0x0800296d   Thumb Code    46  printfa.o(i._printf_pre_padding)
    i._sputc                                 0x0800299a   Section        0  printfa.o(i._sputc)
    _sputc                                   0x0800299b   Thumb Code    10  printfa.o(i._sputc)
    i.adcGetChVal                            0x080029a4   Section        0  drv_adc.o(i.adcGetChVal)
    adcGetChVal                              0x080029a5   Thumb Code    38  drv_adc.o(i.adcGetChVal)
    i.exchangeBytes                          0x080029d0   Section        0  common.o(i.exchangeBytes)
    i.fputc                                  0x080029ec   Section        0  drv_uart.o(i.fputc)
    i.gizGetTimerCount                       0x08002a10   Section        0  gizwits_product.o(i.gizGetTimerCount)
    i.gizProtocolHeadInit                    0x08002a1c   Section        0  gizwits_protocol.o(i.gizProtocolHeadInit)
    gizProtocolHeadInit                      0x08002a1d   Thumb Code    34  gizwits_protocol.o(i.gizProtocolHeadInit)
    i.gizProtocolSum                         0x08002a6c   Section        0  common.o(i.gizProtocolSum)
    i.gizProtocolWaitAck                     0x08002a94   Section        0  gizwits_protocol.o(i.gizProtocolWaitAck)
    gizProtocolWaitAck                       0x08002a95   Thumb Code    70  gizwits_protocol.o(i.gizProtocolWaitAck)
    i.gizwitsSetMode                         0x08002af8   Section        0  gizwits_protocol.o(i.gizwitsSetMode)
    i.led_off                                0x08002d80   Section        0  drv_led.o(i.led_off)
    i.led_on                                 0x08002d94   Section        0  drv_led.o(i.led_on)
    i.main                                   0x08002da8   Section        0  main.o(i.main)
    i.uartWrite                              0x08002f2c   Section        0  gizwits_product.o(i.uartWrite)
    i.usart2_print                           0x08002f84   Section        0  drv_uart.o(i.usart2_print)
    .constdata                               0x08002fb0   Section       64  ctype_c.o(.constdata)
    .conststring                             0x08002ff0   Section      160  main.o(.conststring)
    .data                                    0x20000000   Section       10  main.o(.data)
    DHT11_Data                               0x20000000   Data           5  main.o(.data)
    .data                                    0x2000000a   Section        4  drv_systick.o(.data)
    fs_us                                    0x2000000a   Data           1  drv_systick.o(.data)
    fs_ms                                    0x2000000c   Data           2  drv_systick.o(.data)
    .data                                    0x2000000e   Section        2  drv_uart.o(.data)
    .data                                    0x20000010   Section       12  drv_window.o(.data)
    win_open_arr                             0x20000010   Data           8  drv_window.o(.data)
    flag                                     0x20000018   Data           2  drv_window.o(.data)
    targetflag                               0x2000001a   Data           2  drv_window.o(.data)
    .data                                    0x2000001c   Section        6  drv_tim.o(.data)
    DHT11_Data                               0x2000001c   Data           5  drv_tim.o(.data)
    ledflag                                  0x20000021   Data           1  drv_tim.o(.data)
    .data                                    0x20000022   Section       20  stm32f10x_rcc.o(.data)
    APBAHBPrescTable                         0x20000022   Data          16  stm32f10x_rcc.o(.data)
    ADCPrescTable                            0x20000032   Data           4  stm32f10x_rcc.o(.data)
    .data                                    0x20000038   Section       12  gizwits_product.o(.data)
    DHT11_Data                               0x20000038   Data           5  gizwits_product.o(.data)
    timerMsCount                             0x20000040   Data           4  gizwits_product.o(.data)
    .data                                    0x20000044   Section        4  stdout.o(.data)
    .bss                                     0x20000048   Section      400  drv_adc.o(.bss)
    .bss                                     0x200001d8   Section      300  drv_uart.o(.bss)
    .bss                                     0x20000304   Section      400  gizwits_protocol.o(.bss)
    rbBuf                                    0x20000458   Data          60  gizwits_protocol.o(.bss)
    STACK                                    0x20000498   Section     1024  startup_stm32f10x_hd.o(STACK)

    Global Symbols

    Symbol Name                              Value     Ov Type        Size  Object(Section)

    BuildAttributes$$THM_ISAv4$P$D$K$B$S$PE$A:L22UL41UL21$X:L11$S22US41US21$IEEE1$IW$USESV6$~STKCKD$USESV7$~SHL$OTIME$ROPI$EBA8$MICROLIB$REQ8$PRES8$EABIv2 0x00000000   Number         0  anon$$obj.o ABSOLUTE
    __ARM_use_no_argv                        0x00000000   Number         0  main.o ABSOLUTE
    _printf_a                                0x00000000   Number         0  stubs.o ABSOLUTE
    _printf_c                                0x00000000   Number         0  stubs.o ABSOLUTE
    _printf_charcount                        0x00000000   Number         0  stubs.o ABSOLUTE
    _printf_d                                0x00000000   Number         0  stubs.o ABSOLUTE
    _printf_e                                0x00000000   Number         0  stubs.o ABSOLUTE
    _printf_f                                0x00000000   Number         0  stubs.o ABSOLUTE
    _printf_flags                            0x00000000   Number         0  stubs.o ABSOLUTE
    _printf_fp_dec                           0x00000000   Number         0  stubs.o ABSOLUTE
    _printf_fp_hex                           0x00000000   Number         0  stubs.o ABSOLUTE
    _printf_g                                0x00000000   Number         0  stubs.o ABSOLUTE
    _printf_i                                0x00000000   Number         0  stubs.o ABSOLUTE
    _printf_int_dec                          0x00000000   Number         0  stubs.o ABSOLUTE
    _printf_l                                0x00000000   Number         0  stubs.o ABSOLUTE
    _printf_lc                               0x00000000   Number         0  stubs.o ABSOLUTE
    _printf_ll                               0x00000000   Number         0  stubs.o ABSOLUTE
    _printf_lld                              0x00000000   Number         0  stubs.o ABSOLUTE
    _printf_lli                              0x00000000   Number         0  stubs.o ABSOLUTE
    _printf_llo                              0x00000000   Number         0  stubs.o ABSOLUTE
    _printf_llu                              0x00000000   Number         0  stubs.o ABSOLUTE
    _printf_llx                              0x00000000   Number         0  stubs.o ABSOLUTE
    _printf_longlong_dec                     0x00000000   Number         0  stubs.o ABSOLUTE
    _printf_longlong_hex                     0x00000000   Number         0  stubs.o ABSOLUTE
    _printf_longlong_oct                     0x00000000   Number         0  stubs.o ABSOLUTE
    _printf_ls                               0x00000000   Number         0  stubs.o ABSOLUTE
    _printf_mbtowc                           0x00000000   Number         0  stubs.o ABSOLUTE
    _printf_n                                0x00000000   Number         0  stubs.o ABSOLUTE
    _printf_o                                0x00000000   Number         0  stubs.o ABSOLUTE
    _printf_p                                0x00000000   Number         0  stubs.o ABSOLUTE
    _printf_percent                          0x00000000   Number         0  stubs.o ABSOLUTE
    _printf_pre_padding                      0x00000000   Number         0  stubs.o ABSOLUTE
    _printf_return_value                     0x00000000   Number         0  stubs.o ABSOLUTE
    _printf_s                                0x00000000   Number         0  stubs.o ABSOLUTE
    _printf_sizespec                         0x00000000   Number         0  stubs.o ABSOLUTE
    _printf_str                              0x00000000   Number         0  stubs.o ABSOLUTE
    _printf_truncate_signed                  0x00000000   Number         0  stubs.o ABSOLUTE
    _printf_truncate_unsigned                0x00000000   Number         0  stubs.o ABSOLUTE
    _printf_u                                0x00000000   Number         0  stubs.o ABSOLUTE
    _printf_wc                               0x00000000   Number         0  stubs.o ABSOLUTE
    _printf_wctomb                           0x00000000   Number         0  stubs.o ABSOLUTE
    _printf_widthprec                        0x00000000   Number         0  stubs.o ABSOLUTE
    _printf_x                                0x00000000   Number         0  stubs.o ABSOLUTE
    __cpp_initialize__aeabi_                  - Undefined Weak Reference
    __cxa_finalize                            - Undefined Weak Reference
    __decompress                              - Undefined Weak Reference
    _clock_init                               - Undefined Weak Reference
    _microlib_exit                            - Undefined Weak Reference
    _scanf_longlong                           - Undefined Weak Reference
    _scanf_real                               - Undefined Weak Reference
    _scanf_string                             - Undefined Weak Reference
    __Vectors_Size                           0x00000130   Number         0  startup_stm32f10x_hd.o ABSOLUTE
    __Vectors                                0x08000000   Data           4  startup_stm32f10x_hd.o(RESET)
    __Vectors_End                            0x08000130   Data           0  startup_stm32f10x_hd.o(RESET)
    __main                                   0x08000131   Thumb Code     0  entry.o(.ARM.Collect$$$$00000000)
    _main_stk                                0x08000131   Thumb Code     0  entry2.o(.ARM.Collect$$$$00000001)
    _main_scatterload                        0x08000135   Thumb Code     0  entry5.o(.ARM.Collect$$$$00000004)
    __main_after_scatterload                 0x08000139   Thumb Code     0  entry5.o(.ARM.Collect$$$$00000004)
    _main_clock                              0x08000139   Thumb Code     0  entry7b.o(.ARM.Collect$$$$00000008)
    _main_cpp_init                           0x08000139   Thumb Code     0  entry8b.o(.ARM.Collect$$$$0000000A)
    _main_init                               0x08000139   Thumb Code     0  entry9a.o(.ARM.Collect$$$$0000000B)
    __rt_final_cpp                           0x08000141   Thumb Code     0  entry10a.o(.ARM.Collect$$$$0000000D)
    __rt_final_exit                          0x08000141   Thumb Code     0  entry11a.o(.ARM.Collect$$$$0000000F)
    Reset_Handler                            0x08000145   Thumb Code     8  startup_stm32f10x_hd.o(.text)
    ADC1_2_IRQHandler                        0x0800015f   Thumb Code     0  startup_stm32f10x_hd.o(.text)
    ADC3_IRQHandler                          0x0800015f   Thumb Code     0  startup_stm32f10x_hd.o(.text)
    CAN1_RX1_IRQHandler                      0x0800015f   Thumb Code     0  startup_stm32f10x_hd.o(.text)
    CAN1_SCE_IRQHandler                      0x0800015f   Thumb Code     0  startup_stm32f10x_hd.o(.text)
    DMA1_Channel1_IRQHandler                 0x0800015f   Thumb Code     0  startup_stm32f10x_hd.o(.text)
    DMA1_Channel2_IRQHandler                 0x0800015f   Thumb Code     0  startup_stm32f10x_hd.o(.text)
    DMA1_Channel3_IRQHandler                 0x0800015f   Thumb Code     0  startup_stm32f10x_hd.o(.text)
    DMA1_Channel4_IRQHandler                 0x0800015f   Thumb Code     0  startup_stm32f10x_hd.o(.text)
    DMA1_Channel5_IRQHandler                 0x0800015f   Thumb Code     0  startup_stm32f10x_hd.o(.text)
    DMA1_Channel6_IRQHandler                 0x0800015f   Thumb Code     0  startup_stm32f10x_hd.o(.text)
    DMA1_Channel7_IRQHandler                 0x0800015f   Thumb Code     0  startup_stm32f10x_hd.o(.text)
    DMA2_Channel1_IRQHandler                 0x0800015f   Thumb Code     0  startup_stm32f10x_hd.o(.text)
    DMA2_Channel2_IRQHandler                 0x0800015f   Thumb Code     0  startup_stm32f10x_hd.o(.text)
    DMA2_Channel3_IRQHandler                 0x0800015f   Thumb Code     0  startup_stm32f10x_hd.o(.text)
    DMA2_Channel4_5_IRQHandler               0x0800015f   Thumb Code     0  startup_stm32f10x_hd.o(.text)
    EXTI15_10_IRQHandler                     0x0800015f   Thumb Code     0  startup_stm32f10x_hd.o(.text)
    EXTI1_IRQHandler                         0x0800015f   Thumb Code     0  startup_stm32f10x_hd.o(.text)
    EXTI2_IRQHandler                         0x0800015f   Thumb Code     0  startup_stm32f10x_hd.o(.text)
    EXTI3_IRQHandler                         0x0800015f   Thumb Code     0  startup_stm32f10x_hd.o(.text)
    EXTI4_IRQHandler                         0x0800015f   Thumb Code     0  startup_stm32f10x_hd.o(.text)
    EXTI9_5_IRQHandler                       0x0800015f   Thumb Code     0  startup_stm32f10x_hd.o(.text)
    FLASH_IRQHandler                         0x0800015f   Thumb Code     0  startup_stm32f10x_hd.o(.text)
    FSMC_IRQHandler                          0x0800015f   Thumb Code     0  startup_stm32f10x_hd.o(.text)
    I2C1_ER_IRQHandler                       0x0800015f   Thumb Code     0  startup_stm32f10x_hd.o(.text)
    I2C1_EV_IRQHandler                       0x0800015f   Thumb Code     0  startup_stm32f10x_hd.o(.text)
    I2C2_ER_IRQHandler                       0x0800015f   Thumb Code     0  startup_stm32f10x_hd.o(.text)
    I2C2_EV_IRQHandler                       0x0800015f   Thumb Code     0  startup_stm32f10x_hd.o(.text)
    PVD_IRQHandler                           0x0800015f   Thumb Code     0  startup_stm32f10x_hd.o(.text)
    RCC_IRQHandler                           0x0800015f   Thumb Code     0  startup_stm32f10x_hd.o(.text)
    RTCAlarm_IRQHandler                      0x0800015f   Thumb Code     0  startup_stm32f10x_hd.o(.text)
    RTC_IRQHandler                           0x0800015f   Thumb Code     0  startup_stm32f10x_hd.o(.text)
    SDIO_IRQHandler                          0x0800015f   Thumb Code     0  startup_stm32f10x_hd.o(.text)
    SPI1_IRQHandler                          0x0800015f   Thumb Code     0  startup_stm32f10x_hd.o(.text)
    SPI2_IRQHandler                          0x0800015f   Thumb Code     0  startup_stm32f10x_hd.o(.text)
    SPI3_IRQHandler                          0x0800015f   Thumb Code     0  startup_stm32f10x_hd.o(.text)
    TAMPER_IRQHandler                        0x0800015f   Thumb Code     0  startup_stm32f10x_hd.o(.text)
    TIM1_BRK_IRQHandler                      0x0800015f   Thumb Code     0  startup_stm32f10x_hd.o(.text)
    TIM1_CC_IRQHandler                       0x0800015f   Thumb Code     0  startup_stm32f10x_hd.o(.text)
    TIM1_TRG_COM_IRQHandler                  0x0800015f   Thumb Code     0  startup_stm32f10x_hd.o(.text)
    TIM1_UP_IRQHandler                       0x0800015f   Thumb Code     0  startup_stm32f10x_hd.o(.text)
    TIM3_IRQHandler                          0x0800015f   Thumb Code     0  startup_stm32f10x_hd.o(.text)
    TIM4_IRQHandler                          0x0800015f   Thumb Code     0  startup_stm32f10x_hd.o(.text)
    TIM5_IRQHandler                          0x0800015f   Thumb Code     0  startup_stm32f10x_hd.o(.text)
    TIM8_BRK_IRQHandler                      0x0800015f   Thumb Code     0  startup_stm32f10x_hd.o(.text)
    TIM8_CC_IRQHandler                       0x0800015f   Thumb Code     0  startup_stm32f10x_hd.o(.text)
    TIM8_TRG_COM_IRQHandler                  0x0800015f   Thumb Code     0  startup_stm32f10x_hd.o(.text)
    TIM8_UP_IRQHandler                       0x0800015f   Thumb Code     0  startup_stm32f10x_hd.o(.text)
    UART4_IRQHandler                         0x0800015f   Thumb Code     0  startup_stm32f10x_hd.o(.text)
    UART5_IRQHandler                         0x0800015f   Thumb Code     0  startup_stm32f10x_hd.o(.text)
    USART3_IRQHandler                        0x0800015f   Thumb Code     0  startup_stm32f10x_hd.o(.text)
    USBWakeUp_IRQHandler                     0x0800015f   Thumb Code     0  startup_stm32f10x_hd.o(.text)
    USB_HP_CAN1_TX_IRQHandler                0x0800015f   Thumb Code     0  startup_stm32f10x_hd.o(.text)
    USB_LP_CAN1_RX0_IRQHandler               0x0800015f   Thumb Code     0  startup_stm32f10x_hd.o(.text)
    WWDG_IRQHandler                          0x0800015f   Thumb Code     0  startup_stm32f10x_hd.o(.text)
    __aeabi_memcpy                           0x08000169   Thumb Code    36  memcpya.o(.text)
    __aeabi_memcpy4                          0x08000169   Thumb Code     0  memcpya.o(.text)
    __aeabi_memcpy8                          0x08000169   Thumb Code     0  memcpya.o(.text)
    __aeabi_memset                           0x0800018d   Thumb Code    14  memseta.o(.text)
    __aeabi_memset4                          0x0800018d   Thumb Code     0  memseta.o(.text)
    __aeabi_memset8                          0x0800018d   Thumb Code     0  memseta.o(.text)
    __aeabi_memclr                           0x0800019b   Thumb Code     4  memseta.o(.text)
    __aeabi_memclr4                          0x0800019b   Thumb Code     0  memseta.o(.text)
    __aeabi_memclr8                          0x0800019b   Thumb Code     0  memseta.o(.text)
    _memset$wrapper                          0x0800019f   Thumb Code    18  memseta.o(.text)
    __0sscanf                                0x080001b1   Thumb Code    48  __0sscanf.o(.text)
    _scanf_int                               0x080001e9   Thumb Code   332  _scanf_int.o(.text)
    __aeabi_dadd                             0x08000335   Thumb Code   322  dadd.o(.text)
    __aeabi_dsub                             0x08000477   Thumb Code     6  dadd.o(.text)
    __aeabi_drsub                            0x0800047d   Thumb Code     6  dadd.o(.text)
    __aeabi_ddiv                             0x08000483   Thumb Code   222  ddiv.o(.text)
    __aeabi_ui2f                             0x08000561   Thumb Code    10  ffltui.o(.text)
    __aeabi_ui2d                             0x0800056b   Thumb Code    26  dfltui.o(.text)
    __aeabi_f2d                              0x08000585   Thumb Code    38  f2d.o(.text)
    __aeabi_cdrcmple                         0x080005ad   Thumb Code    48  cdrcmple.o(.text)
    __aeabi_d2f                              0x080005dd   Thumb Code    56  d2f.o(.text)
    __aeabi_uidiv                            0x08000615   Thumb Code     0  uidiv.o(.text)
    __aeabi_uidivmod                         0x08000615   Thumb Code    44  uidiv.o(.text)
    __aeabi_uldivmod                         0x08000641   Thumb Code    98  uldiv.o(.text)
    __aeabi_llsl                             0x080006a3   Thumb Code    30  llshl.o(.text)
    _ll_shift_l                              0x080006a3   Thumb Code     0  llshl.o(.text)
    __aeabi_lasr                             0x080006c1   Thumb Code    36  llsshr.o(.text)
    _ll_sshift_r                             0x080006c1   Thumb Code     0  llsshr.o(.text)
    _chval                                   0x080006e5   Thumb Code    28  _chval.o(.text)
    __vfscanf_char                           0x0800070d   Thumb Code    20  scanf_char.o(.text)
    _sgetc                                   0x08000729   Thumb Code    30  _sgetc.o(.text)
    _sbackspace                              0x08000747   Thumb Code    34  _sgetc.o(.text)
    __I$use$fp                               0x08000769   Thumb Code     0  iusefp.o(.text)
    _float_round                             0x08000769   Thumb Code    18  fepilogue.o(.text)
    _float_epilogue                          0x0800077b   Thumb Code    92  fepilogue.o(.text)
    _double_round                            0x080007d7   Thumb Code    30  depilogue.o(.text)
    _double_epilogue                         0x080007f5   Thumb Code   156  depilogue.o(.text)
    __aeabi_dmul                             0x08000891   Thumb Code   228  dmul.o(.text)
    __aeabi_d2ulz                            0x08000975   Thumb Code    48  dfixul.o(.text)
    __scatterload                            0x080009a5   Thumb Code    28  init.o(.text)
    __scatterload_rt2                        0x080009a5   Thumb Code     0  init.o(.text)
    __aeabi_llsr                             0x080009c9   Thumb Code    32  llushr.o(.text)
    _ll_ushift_r                             0x080009c9   Thumb Code     0  llushr.o(.text)
    isspace                                  0x080009e9   Thumb Code    10  isspace_c.o(.text)
    __vfscanf                                0x080009f5   Thumb Code   808  _scanf.o(.text)
    __ctype_lookup                           0x08000d21   Thumb Code    34  ctype_c.o(.text)
    ADC_Cmd                                  0x08000d49   Thumb Code    22  stm32f10x_adc.o(i.ADC_Cmd)
    ADC_Config                               0x08000d61   Thumb Code   302  drv_adc.o(i.ADC_Config)
    ADC_DMACmd                               0x08000ea1   Thumb Code    22  stm32f10x_adc.o(i.ADC_DMACmd)
    ADC_GetCalibrationStatus                 0x08000eb7   Thumb Code    20  stm32f10x_adc.o(i.ADC_GetCalibrationStatus)
    ADC_GetResetCalibrationStatus            0x08000ecb   Thumb Code    20  stm32f10x_adc.o(i.ADC_GetResetCalibrationStatus)
    ADC_GetcoVal                             0x08000edf   Thumb Code    10  drv_adc.o(i.ADC_GetcoVal)
    ADC_GetsmokeVal                          0x08000ee9   Thumb Code    10  drv_adc.o(i.ADC_GetsmokeVal)
    ADC_Init                                 0x08000ef5   Thumb Code    70  stm32f10x_adc.o(i.ADC_Init)
    ADC_RegularChannelConfig                 0x08000f45   Thumb Code   184  stm32f10x_adc.o(i.ADC_RegularChannelConfig)
    ADC_ResetCalibration                     0x08000ffd   Thumb Code    10  stm32f10x_adc.o(i.ADC_ResetCalibration)
    ADC_SoftwareStartConvCmd                 0x08001007   Thumb Code    22  stm32f10x_adc.o(i.ADC_SoftwareStartConvCmd)
    ADC_StartCalibration                     0x0800101d   Thumb Code    10  stm32f10x_adc.o(i.ADC_StartCalibration)
    BusFault_Handler                         0x08001027   Thumb Code     4  stm32f10x_it.o(i.BusFault_Handler)
    DMA_Cmd                                  0x08001071   Thumb Code    24  stm32f10x_dma.o(i.DMA_Cmd)
    DMA_Init                                 0x08001089   Thumb Code    60  stm32f10x_dma.o(i.DMA_Init)
    DebugMon_Handler                         0x080010c5   Thumb Code     2  stm32f10x_it.o(i.DebugMon_Handler)
    EXTI0_IRQHandler                         0x080010c9   Thumb Code    30  stm32f10x_it.o(i.EXTI0_IRQHandler)
    EXTI_ClearITPendingBit                   0x080010f9   Thumb Code     6  stm32f10x_exti.o(i.EXTI_ClearITPendingBit)
    EXTI_GetITStatus                         0x08001105   Thumb Code    34  stm32f10x_exti.o(i.EXTI_GetITStatus)
    FAN_Control                              0x0800112d   Thumb Code    28  drv_fan.o(i.FAN_Control)
    FAN_Init                                 0x0800114d   Thumb Code    46  drv_fan.o(i.FAN_Init)
    GPIO_Init                                0x08001181   Thumb Code   278  stm32f10x_gpio.o(i.GPIO_Init)
    GPIO_ReadInputDataBit                    0x08001297   Thumb Code    18  stm32f10x_gpio.o(i.GPIO_ReadInputDataBit)
    GPIO_ResetBits                           0x080012a9   Thumb Code     4  stm32f10x_gpio.o(i.GPIO_ResetBits)
    GPIO_SetBits                             0x080012ad   Thumb Code     4  stm32f10x_gpio.o(i.GPIO_SetBits)
    HardFault_Handler                        0x080012b1   Thumb Code     4  stm32f10x_it.o(i.HardFault_Handler)
    Leds_BeepCfg                             0x080012b5   Thumb Code    70  drv_ledsbeep.o(i.Leds_BeepCfg)
    MemManage_Handler                        0x08001301   Thumb Code     4  stm32f10x_it.o(i.MemManage_Handler)
    NMI_Handler                              0x08001305   Thumb Code     2  stm32f10x_it.o(i.NMI_Handler)
    NVIC_Init                                0x08001309   Thumb Code   100  misc.o(i.NVIC_Init)
    NVIC_PriorityGroupConfig                 0x08001379   Thumb Code    10  misc.o(i.NVIC_PriorityGroupConfig)
    PIN_Cfg                                  0x0800138d   Thumb Code   108  drv_window.o(i.PIN_Cfg)
    PendSV_Handler                           0x080013f9   Thumb Code     2  stm32f10x_it.o(i.PendSV_Handler)
    RCC_ADCCLKConfig                         0x080013fd   Thumb Code    18  stm32f10x_rcc.o(i.RCC_ADCCLKConfig)
    RCC_AHBPeriphClockCmd                    0x08001415   Thumb Code    26  stm32f10x_rcc.o(i.RCC_AHBPeriphClockCmd)
    RCC_APB1PeriphClockCmd                   0x08001435   Thumb Code    26  stm32f10x_rcc.o(i.RCC_APB1PeriphClockCmd)
    RCC_APB2PeriphClockCmd                   0x08001455   Thumb Code    26  stm32f10x_rcc.o(i.RCC_APB2PeriphClockCmd)
    RCC_GetClocksFreq                        0x08001475   Thumb Code   192  stm32f10x_rcc.o(i.RCC_GetClocksFreq)
    Read_DHT11                               0x080015ad   Thumb Code   166  drv_dht11.o(i.Read_DHT11)
    SVC_Handler                              0x08001659   Thumb Code     2  stm32f10x_it.o(i.SVC_Handler)
    SYSTICK_Config                           0x0800165d   Thumb Code    56  drv_systick.o(i.SYSTICK_Config)
    SYSTICK_DelayMs                          0x0800169d   Thumb Code   134  drv_systick.o(i.SYSTICK_DelayMs)
    SYSTICK_DelayUs                          0x08001729   Thumb Code    68  drv_systick.o(i.SYSTICK_DelayUs)
    SysTick_Handler                          0x08001859   Thumb Code     2  stm32f10x_it.o(i.SysTick_Handler)
    SystemInit                               0x0800185d   Thumb Code    78  system_stm32f10x.o(i.SystemInit)
    TIM2_IRQHandler                          0x080018bd   Thumb Code    64  drv_tim.o(i.TIM2_IRQHandler)
    TIM6_IRQHandler                          0x08001901   Thumb Code    50  drv_tim.o(i.TIM6_IRQHandler)
    TIM7_IRQHandler                          0x08001951   Thumb Code   114  drv_window.o(i.TIM7_IRQHandler)
    TIM7_Int_Init                            0x080019d5   Thumb Code    90  drv_uart.o(i.TIM7_Int_Init)
    TIM_ClearITPendingBit                    0x08001a35   Thumb Code     6  stm32f10x_tim.o(i.TIM_ClearITPendingBit)
    TIM_Cmd                                  0x08001a3b   Thumb Code    24  stm32f10x_tim.o(i.TIM_Cmd)
    TIM_GetITStatus                          0x08001a53   Thumb Code    34  stm32f10x_tim.o(i.TIM_GetITStatus)
    TIM_ITConfig                             0x08001a75   Thumb Code    18  stm32f10x_tim.o(i.TIM_ITConfig)
    TIM_SetCounter                           0x08001a87   Thumb Code     4  stm32f10x_tim.o(i.TIM_SetCounter)
    TIM_TimeBaseInit                         0x08001a8d   Thumb Code   122  stm32f10x_tim.o(i.TIM_TimeBaseInit)
    UART1_Config                             0x08001b31   Thumb Code   166  drv_uart.o(i.UART1_Config)
    UART2_Config                             0x08001be1   Thumb Code   186  drv_uart.o(i.UART2_Config)
    USART1_IRQHandler                        0x08001cad   Thumb Code    42  drv_uart.o(i.USART1_IRQHandler)
    USART2_IRQHandler                        0x08001ce1   Thumb Code    94  drv_uart.o(i.USART2_IRQHandler)
    USART_ClearFlag                          0x08001d51   Thumb Code    18  stm32f10x_usart.o(i.USART_ClearFlag)
    USART_ClearITPendingBit                  0x08001d63   Thumb Code    30  stm32f10x_usart.o(i.USART_ClearITPendingBit)
    USART_Cmd                                0x08001d81   Thumb Code    24  stm32f10x_usart.o(i.USART_Cmd)
    USART_GetFlagStatus                      0x08001d99   Thumb Code    26  stm32f10x_usart.o(i.USART_GetFlagStatus)
    USART_GetITStatus                        0x08001db3   Thumb Code    84  stm32f10x_usart.o(i.USART_GetITStatus)
    USART_ITConfig                           0x08001e07   Thumb Code    74  stm32f10x_usart.o(i.USART_ITConfig)
    USART_Init                               0x08001e51   Thumb Code   210  stm32f10x_usart.o(i.USART_Init)
    USART_ReceiveData                        0x08001f29   Thumb Code    10  stm32f10x_usart.o(i.USART_ReceiveData)
    USART_SendData                           0x08001f33   Thumb Code     8  stm32f10x_usart.o(i.USART_SendData)
    UsageFault_Handler                       0x08001f3b   Thumb Code     4  stm32f10x_it.o(i.UsageFault_Handler)
    WINDOW_Init                              0x08001f41   Thumb Code   168  drv_window.o(i.WINDOW_Init)
    WINDOW_Open                              0x08001ff5   Thumb Code    20  drv_window.o(i.WINDOW_Open)
    WINDOW_PinControl                        0x08002011   Thumb Code   134  drv_window.o(i.WINDOW_PinControl)
    __0printf                                0x080020a1   Thumb Code    22  printfa.o(i.__0printf)
    __1printf                                0x080020a1   Thumb Code     0  printfa.o(i.__0printf)
    __2printf                                0x080020a1   Thumb Code     0  printfa.o(i.__0printf)
    __c89printf                              0x080020a1   Thumb Code     0  printfa.o(i.__0printf)
    printf                                   0x080020a1   Thumb Code     0  printfa.o(i.__0printf)
    __0sprintf                               0x080020c1   Thumb Code    34  printfa.o(i.__0sprintf)
    __1sprintf                               0x080020c1   Thumb Code     0  printfa.o(i.__0sprintf)
    __2sprintf                               0x080020c1   Thumb Code     0  printfa.o(i.__0sprintf)
    __c89sprintf                             0x080020c1   Thumb Code     0  printfa.o(i.__0sprintf)
    sprintf                                  0x080020c1   Thumb Code     0  printfa.o(i.__0sprintf)
    __scatterload_copy                       0x080020e9   Thumb Code    14  handlers.o(i.__scatterload_copy)
    __scatterload_null                       0x080020f7   Thumb Code     2  handlers.o(i.__scatterload_null)
    __scatterload_zeroinit                   0x080020f9   Thumb Code    14  handlers.o(i.__scatterload_zeroinit)
    exchangeBytes                            0x080029d1   Thumb Code    26  common.o(i.exchangeBytes)
    fputc                                    0x080029ed   Thumb Code    32  drv_uart.o(i.fputc)
    gizGetTimerCount                         0x08002a11   Thumb Code     6  gizwits_product.o(i.gizGetTimerCount)
    gizProtocolSum                           0x08002a6d   Thumb Code    38  common.o(i.gizProtocolSum)
    gizwitsSetMode                           0x08002af9   Thumb Code   590  gizwits_protocol.o(i.gizwitsSetMode)
    led_off                                  0x08002d81   Thumb Code    14  drv_led.o(i.led_off)
    led_on                                   0x08002d95   Thumb Code    14  drv_led.o(i.led_on)
    main                                     0x08002da9   Thumb Code   348  main.o(i.main)
    uartWrite                                0x08002f2d   Thumb Code    82  gizwits_product.o(i.uartWrite)
    usart2_print                             0x08002f85   Thumb Code    40  drv_uart.o(i.usart2_print)
    __ctype_categories                       0x08002fb0   Data          64  ctype_c.o(.constdata)
    Region$$Table$$Base                      0x08003090   Number         0  anon$$obj.o(Region$$Table)
    Region$$Table$$Limit                     0x080030b0   Number         0  anon$$obj.o(Region$$Table)
    dht11_data                               0x20000005   Data           5  main.o(.data)
    USART2_RX_STA                            0x2000000e   Data           2  drv_uart.o(.data)
    __stdout                                 0x20000044   Data           4  stdout.o(.data)
    adcConverVal                             0x20000048   Data         400  drv_adc.o(.bss)
    USART2_RX_BUF                            0x200001d8   Data         300  drv_uart.o(.bss)
    gizwitsProtocol                          0x20000304   Data         324  gizwits_protocol.o(.bss)
    pRb                                      0x20000448   Data          16  gizwits_protocol.o(.bss)
    __initial_sp                             0x20000898   Data           0  startup_stm32f10x_hd.o(STACK)



==============================================================================

Memory Map of the image

  Image Entry point : 0x08000131

  Load Region LR_IROM1 (Base: 0x08000000, Size: 0x000030f8, Max: 0x00040000, ABSOLUTE)

    Execution Region ER_IROM1 (Base: 0x08000000, Size: 0x000030b0, Max: 0x00040000, ABSOLUTE)

    Base Addr    Size         Type   Attr      Idx    E Section Name        Object

    0x08000000   0x00000130   Data   RO         3873    RESET               startup_stm32f10x_hd.o
    0x08000130   0x00000000   Code   RO         4281  * .ARM.Collect$$$$00000000  mc_w.l(entry.o)
    0x08000130   0x00000004   Code   RO         4587    .ARM.Collect$$$$00000001  mc_w.l(entry2.o)
    0x08000134   0x00000004   Code   RO         4590    .ARM.Collect$$$$00000004  mc_w.l(entry5.o)
    0x08000138   0x00000000   Code   RO         4592    .ARM.Collect$$$$00000008  mc_w.l(entry7b.o)
    0x08000138   0x00000000   Code   RO         4594    .ARM.Collect$$$$0000000A  mc_w.l(entry8b.o)
    0x08000138   0x00000008   Code   RO         4595    .ARM.Collect$$$$0000000B  mc_w.l(entry9a.o)
    0x08000140   0x00000000   Code   RO         4597    .ARM.Collect$$$$0000000D  mc_w.l(entry10a.o)
    0x08000140   0x00000000   Code   RO         4599    .ARM.Collect$$$$0000000F  mc_w.l(entry11a.o)
    0x08000140   0x00000004   Code   RO         4588    .ARM.Collect$$$$00002712  mc_w.l(entry2.o)
    0x08000144   0x00000024   Code   RO         3874    .text               startup_stm32f10x_hd.o
    0x08000168   0x00000024   Code   RO         4286    .text               mc_w.l(memcpya.o)
    0x0800018c   0x00000024   Code   RO         4288    .text               mc_w.l(memseta.o)
    0x080001b0   0x00000038   Code   RO         4555    .text               mc_w.l(__0sscanf.o)
    0x080001e8   0x0000014c   Code   RO         4557    .text               mc_w.l(_scanf_int.o)
    0x08000334   0x0000014e   Code   RO         4565    .text               mf_w.l(dadd.o)
    0x08000482   0x000000de   Code   RO         4567    .text               mf_w.l(ddiv.o)
    0x08000560   0x0000000a   Code   RO         4569    .text               mf_w.l(ffltui.o)
    0x0800056a   0x0000001a   Code   RO         4573    .text               mf_w.l(dfltui.o)
    0x08000584   0x00000026   Code   RO         4577    .text               mf_w.l(f2d.o)
    0x080005aa   0x00000002   PAD
    0x080005ac   0x00000030   Code   RO         4581    .text               mf_w.l(cdrcmple.o)
    0x080005dc   0x00000038   Code   RO         4583    .text               mf_w.l(d2f.o)
    0x08000614   0x0000002c   Code   RO         4602    .text               mc_w.l(uidiv.o)
    0x08000640   0x00000062   Code   RO         4604    .text               mc_w.l(uldiv.o)
    0x080006a2   0x0000001e   Code   RO         4606    .text               mc_w.l(llshl.o)
    0x080006c0   0x00000024   Code   RO         4608    .text               mc_w.l(llsshr.o)
    0x080006e4   0x0000001c   Code   RO         4610    .text               mc_w.l(_chval.o)
    0x08000700   0x00000028   Code   RO         4612    .text               mc_w.l(scanf_char.o)
    0x08000728   0x00000040   Code   RO         4614    .text               mc_w.l(_sgetc.o)
    0x08000768   0x00000000   Code   RO         4616    .text               mc_w.l(iusefp.o)
    0x08000768   0x0000006e   Code   RO         4617    .text               mf_w.l(fepilogue.o)
    0x080007d6   0x000000ba   Code   RO         4619    .text               mf_w.l(depilogue.o)
    0x08000890   0x000000e4   Code   RO         4621    .text               mf_w.l(dmul.o)
    0x08000974   0x00000030   Code   RO         4623    .text               mf_w.l(dfixul.o)
    0x080009a4   0x00000024   Code   RO         4625    .text               mc_w.l(init.o)
    0x080009c8   0x00000020   Code   RO         4627    .text               mc_w.l(llushr.o)
    0x080009e8   0x0000000a   Code   RO         4629    .text               mc_w.l(isspace_c.o)
    0x080009f2   0x00000002   PAD
    0x080009f4   0x0000032c   Code   RO         4631    .text               mc_w.l(_scanf.o)
    0x08000d20   0x00000028   Code   RO         4633    .text               mc_w.l(ctype_c.o)
    0x08000d48   0x00000016   Code   RO          946    i.ADC_Cmd           stm32f10x_adc.o
    0x08000d5e   0x00000002   PAD
    0x08000d60   0x00000140   Code   RO          256    i.ADC_Config        drv_adc.o
    0x08000ea0   0x00000016   Code   RO          947    i.ADC_DMACmd        stm32f10x_adc.o
    0x08000eb6   0x00000014   Code   RO          954    i.ADC_GetCalibrationStatus  stm32f10x_adc.o
    0x08000eca   0x00000014   Code   RO          960    i.ADC_GetResetCalibrationStatus  stm32f10x_adc.o
    0x08000ede   0x0000000a   Code   RO          259    i.ADC_GetcoVal      drv_adc.o
    0x08000ee8   0x0000000a   Code   RO          260    i.ADC_GetsmokeVal   drv_adc.o
    0x08000ef2   0x00000002   PAD
    0x08000ef4   0x00000050   Code   RO          964    i.ADC_Init          stm32f10x_adc.o
    0x08000f44   0x000000b8   Code   RO          968    i.ADC_RegularChannelConfig  stm32f10x_adc.o
    0x08000ffc   0x0000000a   Code   RO          969    i.ADC_ResetCalibration  stm32f10x_adc.o
    0x08001006   0x00000016   Code   RO          971    i.ADC_SoftwareStartConvCmd  stm32f10x_adc.o
    0x0800101c   0x0000000a   Code   RO          973    i.ADC_StartCalibration  stm32f10x_adc.o
    0x08001026   0x00000004   Code   RO          177    i.BusFault_Handler  stm32f10x_it.o
    0x0800102a   0x00000002   PAD
    0x0800102c   0x00000020   Code   RO          777    i.DHT11_Mode_IPU    drv_dht11.o
    0x0800104c   0x00000024   Code   RO          778    i.DHT11_Mode_Out_PP  drv_dht11.o
    0x08001070   0x00000018   Code   RO         1631    i.DMA_Cmd           stm32f10x_dma.o
    0x08001088   0x0000003c   Code   RO         1637    i.DMA_Init          stm32f10x_dma.o
    0x080010c4   0x00000002   Code   RO          178    i.DebugMon_Handler  stm32f10x_it.o
    0x080010c6   0x00000002   PAD
    0x080010c8   0x00000030   Code   RO          179    i.EXTI0_IRQHandler  stm32f10x_it.o
    0x080010f8   0x0000000c   Code   RO         1702    i.EXTI_ClearITPendingBit  stm32f10x_exti.o
    0x08001104   0x00000028   Code   RO         1706    i.EXTI_GetITStatus  stm32f10x_exti.o
    0x0800112c   0x00000020   Code   RO          662    i.FAN_Control       drv_fan.o
    0x0800114c   0x00000034   Code   RO          663    i.FAN_Init          drv_fan.o
    0x08001180   0x00000116   Code   RO         2055    i.GPIO_Init         stm32f10x_gpio.o
    0x08001296   0x00000012   Code   RO         2059    i.GPIO_ReadInputDataBit  stm32f10x_gpio.o
    0x080012a8   0x00000004   Code   RO         2062    i.GPIO_ResetBits    stm32f10x_gpio.o
    0x080012ac   0x00000004   Code   RO         2063    i.GPIO_SetBits      stm32f10x_gpio.o
    0x080012b0   0x00000004   Code   RO          180    i.HardFault_Handler  stm32f10x_it.o
    0x080012b4   0x0000004c   Code   RO          750    i.Leds_BeepCfg      drv_ledsbeep.o
    0x08001300   0x00000004   Code   RO          181    i.MemManage_Handler  stm32f10x_it.o
    0x08001304   0x00000002   Code   RO          182    i.NMI_Handler       stm32f10x_it.o
    0x08001306   0x00000002   PAD
    0x08001308   0x00000070   Code   RO          904    i.NVIC_Init         misc.o
    0x08001378   0x00000014   Code   RO          905    i.NVIC_PriorityGroupConfig  misc.o
    0x0800138c   0x0000006c   Code   RO          712    i.PIN_Cfg           drv_window.o
    0x080013f8   0x00000002   Code   RO          183    i.PendSV_Handler    stm32f10x_it.o
    0x080013fa   0x00000002   PAD
    0x080013fc   0x00000018   Code   RO         2469    i.RCC_ADCCLKConfig  stm32f10x_rcc.o
    0x08001414   0x00000020   Code   RO         2470    i.RCC_AHBPeriphClockCmd  stm32f10x_rcc.o
    0x08001434   0x00000020   Code   RO         2471    i.RCC_APB1PeriphClockCmd  stm32f10x_rcc.o
    0x08001454   0x00000020   Code   RO         2473    i.RCC_APB2PeriphClockCmd  stm32f10x_rcc.o
    0x08001474   0x000000d4   Code   RO         2481    i.RCC_GetClocksFreq  stm32f10x_rcc.o
    0x08001548   0x00000064   Code   RO          780    i.Read_Byte         drv_dht11.o
    0x080015ac   0x000000ac   Code   RO          781    i.Read_DHT11        drv_dht11.o
    0x08001658   0x00000002   Code   RO          184    i.SVC_Handler       stm32f10x_it.o
    0x0800165a   0x00000002   PAD
    0x0800165c   0x00000040   Code   RO          584    i.SYSTICK_Config    drv_systick.o
    0x0800169c   0x0000008c   Code   RO          585    i.SYSTICK_DelayMs   drv_systick.o
    0x08001728   0x00000048   Code   RO          586    i.SYSTICK_DelayUs   drv_systick.o
    0x08001770   0x00000008   Code   RO          870    i.SetSysClock       system_stm32f10x.o
    0x08001778   0x000000e0   Code   RO          871    i.SetSysClockTo72   system_stm32f10x.o
    0x08001858   0x00000002   Code   RO          185    i.SysTick_Handler   stm32f10x_it.o
    0x0800185a   0x00000002   PAD
    0x0800185c   0x00000060   Code   RO          873    i.SystemInit        system_stm32f10x.o
    0x080018bc   0x00000044   Code   RO          823    i.TIM2_IRQHandler   drv_tim.o
    0x08001900   0x00000050   Code   RO          825    i.TIM6_IRQHandler   drv_tim.o
    0x08001950   0x00000084   Code   RO          713    i.TIM7_IRQHandler   drv_window.o
    0x080019d4   0x00000060   Code   RO          610    i.TIM7_Int_Init     drv_uart.o
    0x08001a34   0x00000006   Code   RO         3100    i.TIM_ClearITPendingBit  stm32f10x_tim.o
    0x08001a3a   0x00000018   Code   RO         3105    i.TIM_Cmd           stm32f10x_tim.o
    0x08001a52   0x00000022   Code   RO         3126    i.TIM_GetITStatus   stm32f10x_tim.o
    0x08001a74   0x00000012   Code   RO         3130    i.TIM_ITConfig      stm32f10x_tim.o
    0x08001a86   0x00000004   Code   RO         3170    i.TIM_SetCounter    stm32f10x_tim.o
    0x08001a8a   0x00000002   PAD
    0x08001a8c   0x000000a4   Code   RO         3176    i.TIM_TimeBaseInit  stm32f10x_tim.o
    0x08001b30   0x000000b0   Code   RO          611    i.UART1_Config      drv_uart.o
    0x08001be0   0x000000cc   Code   RO          612    i.UART2_Config      drv_uart.o
    0x08001cac   0x00000034   Code   RO          613    i.USART1_IRQHandler  drv_uart.o
    0x08001ce0   0x00000070   Code   RO          614    i.USART2_IRQHandler  drv_uart.o
    0x08001d50   0x00000012   Code   RO         3637    i.USART_ClearFlag   stm32f10x_usart.o
    0x08001d62   0x0000001e   Code   RO         3638    i.USART_ClearITPendingBit  stm32f10x_usart.o
    0x08001d80   0x00000018   Code   RO         3641    i.USART_Cmd         stm32f10x_usart.o
    0x08001d98   0x0000001a   Code   RO         3644    i.USART_GetFlagStatus  stm32f10x_usart.o
    0x08001db2   0x00000054   Code   RO         3645    i.USART_GetITStatus  stm32f10x_usart.o
    0x08001e06   0x0000004a   Code   RO         3647    i.USART_ITConfig    stm32f10x_usart.o
    0x08001e50   0x000000d8   Code   RO         3648    i.USART_Init        stm32f10x_usart.o
    0x08001f28   0x0000000a   Code   RO         3655    i.USART_ReceiveData  stm32f10x_usart.o
    0x08001f32   0x00000008   Code   RO         3658    i.USART_SendData    stm32f10x_usart.o
    0x08001f3a   0x00000004   Code   RO          186    i.UsageFault_Handler  stm32f10x_it.o
    0x08001f3e   0x00000002   PAD
    0x08001f40   0x000000b4   Code   RO          714    i.WINDOW_Init       drv_window.o
    0x08001ff4   0x0000001c   Code   RO          715    i.WINDOW_Open       drv_window.o
    0x08002010   0x00000090   Code   RO          716    i.WINDOW_PinControl  drv_window.o
    0x080020a0   0x00000020   Code   RO         4527    i.__0printf         mc_w.l(printfa.o)
    0x080020c0   0x00000028   Code   RO         4529    i.__0sprintf        mc_w.l(printfa.o)
    0x080020e8   0x0000000e   Code   RO         4638    i.__scatterload_copy  mc_w.l(handlers.o)
    0x080020f6   0x00000002   Code   RO         4639    i.__scatterload_null  mc_w.l(handlers.o)
    0x080020f8   0x0000000e   Code   RO         4640    i.__scatterload_zeroinit  mc_w.l(handlers.o)
    0x08002106   0x00000002   PAD
    0x08002108   0x00000164   Code   RO         4534    i._fp_digits        mc_w.l(printfa.o)
    0x0800226c   0x000006dc   Code   RO         4535    i._printf_core      mc_w.l(printfa.o)
    0x08002948   0x00000024   Code   RO         4536    i._printf_post_padding  mc_w.l(printfa.o)
    0x0800296c   0x0000002e   Code   RO         4537    i._printf_pre_padding  mc_w.l(printfa.o)
    0x0800299a   0x0000000a   Code   RO         4539    i._sputc            mc_w.l(printfa.o)
    0x080029a4   0x0000002c   Code   RO          261    i.adcGetChVal       drv_adc.o
    0x080029d0   0x0000001a   Code   RO         4098    i.exchangeBytes     common.o
    0x080029ea   0x00000002   PAD
    0x080029ec   0x00000024   Code   RO          615    i.fputc             drv_uart.o
    0x08002a10   0x0000000c   Code   RO         3879    i.gizGetTimerCount  gizwits_product.o
    0x08002a1c   0x00000050   Code   RO         3947    i.gizProtocolHeadInit  gizwits_protocol.o
    0x08002a6c   0x00000026   Code   RO         4101    i.gizProtocolSum    common.o
    0x08002a92   0x00000002   PAD
    0x08002a94   0x00000064   Code   RO         3955    i.gizProtocolWaitAck  gizwits_protocol.o
    0x08002af8   0x00000288   Code   RO         3964    i.gizwitsSetMode    gizwits_protocol.o
    0x08002d80   0x00000014   Code   RO          440    i.led_off           drv_led.o
    0x08002d94   0x00000014   Code   RO          441    i.led_on            drv_led.o
    0x08002da8   0x00000184   Code   RO            1    i.main              main.o
    0x08002f2c   0x00000058   Code   RO         3883    i.uartWrite         gizwits_product.o
    0x08002f84   0x0000002c   Code   RO          616    i.usart2_print      drv_uart.o
    0x08002fb0   0x00000040   Data   RO         4634    .constdata          mc_w.l(ctype_c.o)
    0x08002ff0   0x000000a0   Data   RO            2    .conststring        main.o
    0x08003090   0x00000020   Data   RO         4636    Region$$Table       anon$$obj.o


    Execution Region RW_IRAM1 (Base: 0x20000000, Size: 0x00000898, Max: 0x0000c000, ABSOLUTE)

    Base Addr    Size         Type   Attr      Idx    E Section Name        Object

    0x20000000   0x0000000a   Data   RW            3    .data               main.o
    0x2000000a   0x00000004   Data   RW          587    .data               drv_systick.o
    0x2000000e   0x00000002   Data   RW          618    .data               drv_uart.o
    0x20000010   0x0000000c   Data   RW          717    .data               drv_window.o
    0x2000001c   0x00000006   Data   RW          827    .data               drv_tim.o
    0x20000022   0x00000014   Data   RW         2501    .data               stm32f10x_rcc.o
    0x20000036   0x00000002   PAD
    0x20000038   0x0000000c   Data   RW         3887    .data               gizwits_product.o
    0x20000044   0x00000004   Data   RW         4601    .data               mc_w.l(stdout.o)
    0x20000048   0x00000190   Zero   RW          263    .bss                drv_adc.o
    0x200001d8   0x0000012c   Zero   RW          617    .bss                drv_uart.o
    0x20000304   0x00000190   Zero   RW         3965    .bss                gizwits_protocol.o
    0x20000494   0x00000004   PAD
    0x20000498   0x00000400   Zero   RW         3871    STACK               startup_stm32f10x_hd.o


==============================================================================

Image component sizes


      Code (inc. data)   RO Data    RW Data    ZI Data      Debug   Object Name

        64          0          0          0          0       1585   common.o
       384         24          0          0        400       2905   drv_adc.o
       340         20          0          0          0       2525   drv_dht11.o
        84         10          0          0          0        969   drv_fan.o
        40         12          0          0          0        847   drv_led.o
        76          6          0          0          0        619   drv_ledsbeep.o
       276         18          0          4          0       1805   drv_systick.o
       148         34          0          6          0       1140   drv_tim.o
       720         70          0          2        300       4839   drv_uart.o
       592         48          0         12          0       3760   drv_window.o
       100         12          0         12          0       2098   gizwits_product.o
       828        140          0          0        400       3339   gizwits_protocol.o
       388         40        160         10          0     282632   main.o
       132         22          0          0          0       1631   misc.o
        36          8        304          0       1024        912   startup_stm32f10x_hd.o
       390         10          0          0          0       7677   stm32f10x_adc.o
        84          0          0          0          0       2865   stm32f10x_dma.o
        52         12          0          0          0       1184   stm32f10x_exti.o
       304          0          0          0          0       3804   stm32f10x_gpio.o
        74         18          0          0          0       5397   stm32f10x_it.o
       332         44          0         20          0       5717   stm32f10x_rcc.o
       250         42          0          0          0       4283   stm32f10x_tim.o
       490          6          0          0          0       7641   stm32f10x_usart.o
       328         28          0          0          0       2185   system_stm32f10x.o

    ----------------------------------------------------------------------
      6536        624        496         68       2128     352359   Object Totals
         0          0         32          0          0          0   (incl. Generated)
        24          0          0          2          4          0   (incl. Padding)

    ----------------------------------------------------------------------

      Code (inc. data)   RO Data    RW Data    ZI Data      Debug   Library Member Name

        56          8          0          0          0         84   __0sscanf.o
        28          0          0          0          0         68   _chval.o
       812          4          0          0          0        112   _scanf.o
       332          0          0          0          0         96   _scanf_int.o
        64          0          0          0          0         84   _sgetc.o
        40          6         64          0          0         68   ctype_c.o
         0          0          0          0          0          0   entry.o
         0          0          0          0          0          0   entry10a.o
         0          0          0          0          0          0   entry11a.o
         8          4          0          0          0          0   entry2.o
         4          0          0          0          0          0   entry5.o
         0          0          0          0          0          0   entry7b.o
         0          0          0          0          0          0   entry8b.o
         8          4          0          0          0          0   entry9a.o
        30          0          0          0          0          0   handlers.o
        36          8          0          0          0         68   init.o
        10          0          0          0          0         68   isspace_c.o
         0          0          0          0          0          0   iusefp.o
        30          0          0          0          0         68   llshl.o
        36          0          0          0          0         68   llsshr.o
        32          0          0          0          0         68   llushr.o
        36          0          0          0          0         68   memcpya.o
        36          0          0          0          0        108   memseta.o
      2276         96          0          0          0        596   printfa.o
        40          8          0          0          0         84   scanf_char.o
         0          0          0          4          0          0   stdout.o
        44          0          0          0          0         80   uidiv.o
        98          0          0          0          0         92   uldiv.o
        48          0          0          0          0         68   cdrcmple.o
        56          0          0          0          0         88   d2f.o
       334          0          0          0          0        148   dadd.o
       222          0          0          0          0        100   ddiv.o
       186          0          0          0          0        176   depilogue.o
        48          0          0          0          0         68   dfixul.o
        26          0          0          0          0         76   dfltui.o
       228          0          0          0          0         96   dmul.o
        38          0          0          0          0         68   f2d.o
       110          0          0          0          0        168   fepilogue.o
        10          0          0          0          0         68   ffltui.o

    ----------------------------------------------------------------------
      5368        138         64          4          0       3004   Library Totals
         6          0          0          0          0          0   (incl. Padding)

    ----------------------------------------------------------------------

      Code (inc. data)   RO Data    RW Data    ZI Data      Debug   Library Name

      4056        138         64          4          0       1880   mc_w.l
      1306          0          0          0          0       1124   mf_w.l

    ----------------------------------------------------------------------
      5368        138         64          4          0       3004   Library Totals

    ----------------------------------------------------------------------

==============================================================================


      Code (inc. data)   RO Data    RW Data    ZI Data      Debug   

     11904        762        560         72       2128     349431   Grand Totals
     11904        762        560         72       2128     349431   ELF Image Totals
     11904        762        560         72          0          0   ROM Totals

==============================================================================

    Total RO  Size (Code + RO Data)                12464 (  12.17kB)
    Total RW  Size (RW Data + ZI Data)              2200 (   2.15kB)
    Total ROM Size (Code + RO Data + RW Data)      12536 (  12.24kB)

==============================================================================

