<html>
<body>
<pre>
<h1>礦ision Build Log</h1>
<h2>Tool Versions:</h2>
IDE-Version: μVision V5.20.0.0
Copyright (C) 2016 ARM Ltd and ARM Germany GmbH. All rights reserved.
License Information: ljh ljh, STm, LIC=9WS45-GVG9E-QBGEE-5GRCC-6QJ6R-NF0XS
 
Tool Versions:
Toolchain:       MDK-ARM Plus  Version: 5.20
Toolchain Path:  E:\mdk520\ARM\ARMCC\Bin
C Compiler:      Armcc.exe V5.06 update 2 (build 183)
Assembler:       Armasm.exe V5.06 update 2 (build 183)
Linker/Locator:  ArmLink.exe V5.06 update 2 (build 183)
Library Manager: ArmAr.exe V5.06 update 2 (build 183)
Hex Converter:   FromElf.exe V5.06 update 2 (build 183)
CPU DLL:         SARMCM3.DLL V5.20
Dialog DLL:      DCM.DLL V1.13.7.0
Target DLL:      UL2CM3.DLL V1.157.18.0
Dialog DLL:      TCM.DLL V1.14.9.0
 
<h2>Project:</h2>
D:\安装\fqiu_recvfile\三贵族9_23xia\project\demo.uvprojx
Project File Date:  09/23/2019

<h2>Output:</h2>
*** Using Compiler 'V5.06 update 2 (build 183)', folder: 'E:\mdk520\ARM\ARMCC\Bin'
Rebuild target 'Target 1'
compiling stm32f10x_it.c...
compiling main.c...
..\apps\main.c(48): warning:  #167-D: argument of type "u8 *" is incompatible with parameter of type "const char *restrict"
  		sscanf(USART2_RX_BUF,"{ \"cmd\": %d, \"fl",&tmp);
..\apps\main.c: 1 warning, 0 errors
compiling drv_adc.c...
compiling drv_iic.c...
compiling drv_dma.c...
compiling drv_at24cxx.c...
compiling drv_led.c...
compiling drv_K1.c...
compiling drv_myfputs.c...
compiling drv_systick.c...
compiling drv_pwm.c...
compiling drv_oled.c...
compiling drv_fan.c...
compiling drv_mq2.c...
compiling drv_uart.c...
compiling drv_ledsbeep.c...
compiling drv_water.c...
compiling drv_window.c...
compiling drv_dht11.c...
compiling drv_test_adx.c...
compiling drv_tim.c...
compiling system_stm32f10x.c...
compiling misc.c...
compiling stm32f10x_adc.c...
compiling stm32f10x_cec.c...
compiling stm32f10x_can.c...
compiling stm32f10x_bkp.c...
compiling stm32f10x_crc.c...
compiling stm32f10x_dbgmcu.c...
compiling stm32f10x_dac.c...
compiling stm32f10x_dma.c...
compiling stm32f10x_exti.c...
compiling stm32f10x_flash.c...
compiling stm32f10x_i2c.c...
compiling stm32f10x_fsmc.c...
compiling stm32f10x_gpio.c...
compiling stm32f10x_pwr.c...
compiling stm32f10x_iwdg.c...
compiling stm32f10x_rcc.c...
compiling stm32f10x_rtc.c...
compiling stm32f10x_spi.c...
compiling stm32f10x_sdio.c...
compiling stm32f10x_wwdg.c...
compiling stm32f10x_usart.c...
compiling stm32f10x_tim.c...
assembling startup_stm32f10x_hd.s...
compiling gizwits_protocol.c...
compiling common.c...
compiling dataPointTools.c...
compiling gizwits_product.c...
compiling ringbuffer.c...
linking...
Program Size: Code=11904 RO-data=560 RW-data=72 ZI-data=2128  
FromELF: creating hex file...
".\Objects\demo.axf" - 0 Error(s), 1 Warning(s).

<h2>Collection of Component include folders:</h2>
  D:\安装\fqiu_recvfile\三贵族9_23xia\project\RTE
  E:\mdk520\ARM\PACK\Keil\STM32F1xx_DFP\2.1.0\Device\Include

<h2>Collection of Component Files used:</h2>
Build Time Elapsed:  00:00:31
</pre>
</body>
</html>
